Component: ARM Compiler 5.06 update 5 (build 528) Tool: armlink [4d35e2]

==============================================================================

Section Cross References

    .\_build\main.o(i.ADC_IRQHandler) refers to E:\softs\Keil_v5\ARM\ARMCC\Bin\..\lib\armlib\mf_p.l(fflti.o)(.text) for __aeabi_i2f
    .\_build\main.o(i.ADC_IRQHandler) refers to E:\softs\Keil_v5\ARM\ARMCC\Bin\..\lib\armlib\mf_p.l(fadd.o)(.text) for __aeabi_fsub
    .\_build\main.o(i.ADC_IRQHandler) refers to .\_build\main.o(.data) for .data
    .\_build\main.o(i.ADC_IRQHandler) refers to .\_build\main.o(.bss) for .bss
    .\_build\main.o(i.FFT) refers to E:\softs\Keil_v5\ARM\ARMCC\Bin\..\lib\armlib\mf_p.l(fadd.o)(.text) for __aeabi_fadd
    .\_build\main.o(i.FFT) refers to E:\softs\Keil_v5\ARM\ARMCC\Bin\..\lib\armlib\mf_p.l(fmul.o)(.text) for __aeabi_fmul
    .\_build\main.o(i.FFT) refers to .\_build\main.o(.constdata) for .constdata
    .\_build\main.o(i.PWM_config) refers to E:\softs\Keil_v5\ARM\ARMCC\Bin\..\lib\armlib\mc_p.l(memcpya.o)(.text) for __aeabi_memcpy4
    .\_build\main.o(i.PWM_config) refers to .\_build\app_pwm.o(i.app_pwm_init) for app_pwm_init
    .\_build\main.o(i.PWM_config) refers to .\_build\app_error.o(i.app_error_handler) for app_error_handler
    .\_build\main.o(i.PWM_config) refers to .\_build\app_pwm.o(i.app_pwm_enable) for app_pwm_enable
    .\_build\main.o(i.PWM_config) refers to .\_build\main.o(.constdata) for .constdata
    .\_build\main.o(i.PWM_config) refers to .\_build\main.o(i.pwm_ready_callback) for pwm_ready_callback
    .\_build\main.o(i.RTC1Setup) refers to .\_build\main.o(i.NVIC_SetPriority) for NVIC_SetPriority
    .\_build\main.o(i.RTC1_IRQHandler) refers to .\_build\main.o(.data) for .data
    .\_build\main.o(i.TIMER2_IRQHandler) refers to .\_build\main.o(i.analogWrite) for analogWrite
    .\_build\main.o(i.TIMER2_IRQHandler) refers to .\_build\main.o(i.nrf_gpio_pin_set) for nrf_gpio_pin_set
    .\_build\main.o(i.TIMER2_IRQHandler) refers to .\_build\main.o(.data) for .data
    .\_build\main.o(i.adcConfig) refers to .\_build\nrf_adc.o(i.nrf_adc_configure) for nrf_adc_configure
    .\_build\main.o(i.adcConfig) refers to .\_build\main.o(i.NVIC_SetPriority) for NVIC_SetPriority
    .\_build\main.o(i.adcConfig) refers to .\_build\main.o(.constdata) for .constdata
    .\_build\main.o(i.analogWrite) refers to .\_build\app_pwm.o(i.app_pwm_channel_duty_set) for app_pwm_channel_duty_set
    .\_build\main.o(i.analogWrite) refers to .\_build\main.o(.constdata) for .constdata
    .\_build\main.o(i.attachInterrupt) refers to .\_build\nrf_drv_gpiote.o(i.nrf_drv_gpiote_init) for nrf_drv_gpiote_init
    .\_build\main.o(i.attachInterrupt) refers to .\_build\app_error.o(i.app_error_handler) for app_error_handler
    .\_build\main.o(i.attachInterrupt) refers to .\_build\nrf_drv_gpiote.o(i.nrf_drv_gpiote_in_init) for nrf_drv_gpiote_in_init
    .\_build\main.o(i.attachInterrupt) refers to .\_build\nrf_drv_gpiote.o(i.nrf_drv_gpiote_in_event_enable) for nrf_drv_gpiote_in_event_enable
    .\_build\main.o(i.attachInterrupt) refers to .\_build\main.o(.data) for .data
    .\_build\main.o(i.attachInterrupt) refers to .\_build\main.o(.constdata) for .constdata
    .\_build\main.o(i.attachInterrupt) refers to .\_build\main.o(i.in_pin_handler) for in_pin_handler
    .\_build\main.o(i.batteryLevelCheck) refers to .\_build\main.o(i.battery_level_get) for battery_level_get
    .\_build\main.o(i.batteryLevelCheck) refers to E:\softs\Keil_v5\ARM\ARMCC\Bin\..\lib\armlib\mc_p.l(uidiv.o)(.text) for __aeabi_uidivmod
    .\_build\main.o(i.batteryLevelCheck) refers to E:\softs\Keil_v5\ARM\ARMCC\Bin\..\lib\armlib\mc_p.l(printf1.o)(i.__0printf$1) for __2printf
    .\_build\main.o(i.batteryLevelCheck) refers to .\_build\main.o(i.analogWrite) for analogWrite
    .\_build\main.o(i.batteryLevelCheck) refers to .\_build\nrf_delay.o(i.nrf_delay_ms) for nrf_delay_ms
    .\_build\main.o(i.batteryLevelCheck) refers to .\_build\main.o(.data) for .data
    .\_build\main.o(i.battery_level_get) refers to E:\softs\Keil_v5\ARM\ARMCC\Bin\..\lib\armlib\mc_p.l(uidiv.o)(.text) for __aeabi_uidivmod
    .\_build\main.o(i.changePinStates) refers to .\_build\main.o(i.nrf_gpio_cfg) for nrf_gpio_cfg
    .\_build\main.o(i.charArrayToInt) refers to E:\softs\Keil_v5\ARM\ARMCC\Bin\..\lib\armlib\mc_p.l(printf1.o)(i.__0printf$1) for __2printf
    .\_build\main.o(i.charArrayToInt) refers to E:\softs\Keil_v5\ARM\ARMCC\Bin\..\lib\armlib\mf_p.l(dflti.o)(.text) for __aeabi_i2d
    .\_build\main.o(i.charArrayToInt) refers to E:\softs\Keil_v5\ARM\ARMCC\Bin\..\lib\armlib\m_ps.l(pow.o)(i.pow) for pow
    .\_build\main.o(i.charArrayToInt) refers to E:\softs\Keil_v5\ARM\ARMCC\Bin\..\lib\armlib\mf_p.l(dmul.o)(.text) for __aeabi_dmul
    .\_build\main.o(i.charArrayToInt) refers to E:\softs\Keil_v5\ARM\ARMCC\Bin\..\lib\armlib\mf_p.l(dadd.o)(.text) for __aeabi_dadd
[...]
    .\_build\nrf_drv_uart.o(i.UART0_IRQHandler) refers to .\_build\nrf_drv_uart.o(i.nrf_uart_event_check) for nrf_uart_event_check
    .\_build\nrf_drv_uart.o(i.UART0_IRQHandler) refers to .\_build\nrf_drv_uart.o(i.rx_byte) for rx_byte
    .\_build\nrf_drv_uart.o(i.UART0_IRQHandler) refers to .\_build\nrf_drv_uart.o(i.rx_done_event) for rx_done_event
    .\_build\nrf_drv_uart.o(i.UART0_IRQHandler) refers to .\_build\nrf_drv_uart.o(i.tx_byte) for tx_byte
    .\_build\nrf_drv_uart.o(i.UART0_IRQHandler) refers to .\_build\nrf_drv_uart.o(i.tx_done_event) for tx_done_event
    .\_build\nrf_drv_uart.o(i.UART0_IRQHandler) refers to .\_build\nrf_drv_uart.o(.bss) for .bss
    .\_build\nrf_drv_uart.o(i.nrf_drv_uart_init) refers to .\_build\nrf_drv_uart.o(i.nrf_gpio_cfg_output) for nrf_gpio_cfg_output
    .\_build\nrf_drv_uart.o(i.nrf_drv_uart_init) refers to .\_build\nrf_drv_uart.o(i.nrf_gpio_cfg_input) for nrf_gpio_cfg_input
    .\_build\nrf_drv_uart.o(i.nrf_drv_uart_init) refers to .\_build\nrf_drv_common.o(i.nrf_drv_common_irq_enable) for nrf_drv_common_irq_enable
    .\_build\nrf_drv_uart.o(i.nrf_drv_uart_init) refers to .\_build\nrf_drv_uart.o(.bss) for .bss
    .\_build\nrf_drv_uart.o(i.nrf_drv_uart_init) refers to .\_build\nrf_drv_uart.o(.constdata) for .constdata
    .\_build\nrf_drv_uart.o(i.nrf_drv_uart_rx) refers to .\_build\nrf_drv_uart.o(i.rx_enable) for rx_enable
    .\_build\nrf_drv_uart.o(i.nrf_drv_uart_rx) refers to .\_build\nrf_drv_uart.o(i.nrf_uart_event_check) for nrf_uart_event_check
    .\_build\nrf_drv_uart.o(i.nrf_drv_uart_rx) refers to .\_build\nrf_drv_uart.o(i.rx_byte) for rx_byte
    .\_build\nrf_drv_uart.o(i.nrf_drv_uart_rx) refers to .\_build\nrf_drv_uart.o(.bss) for .bss
    .\_build\nrf_drv_uart.o(i.nrf_drv_uart_rx_disable) refers to .\_build\nrf_drv_uart.o(.bss) for .bss
    .\_build\nrf_drv_uart.o(i.nrf_drv_uart_rx_enable) refers to .\_build\nrf_drv_uart.o(i.rx_enable) for rx_enable
    .\_build\nrf_drv_uart.o(i.nrf_drv_uart_rx_enable) refers to .\_build\nrf_drv_uart.o(.bss) for .bss
    .\_build\nrf_drv_uart.o(i.nrf_drv_uart_tx) refers to .\_build\nrf_drv_uart.o(i.tx_byte) for tx_byte
    .\_build\nrf_drv_uart.o(i.nrf_drv_uart_tx) refers to .\_build\nrf_drv_uart.o(i.nrf_uart_event_check) for nrf_uart_event_check
    .\_build\nrf_drv_uart.o(i.nrf_drv_uart_tx) refers to .\_build\nrf_drv_uart.o(.bss) for .bss
    .\_build\nrf_drv_uart.o(i.nrf_drv_uart_tx_abort) refers to .\_build\nrf_drv_uart.o(i.tx_done_event) for tx_done_event
    .\_build\nrf_drv_uart.o(i.nrf_drv_uart_tx_abort) refers to .\_build\nrf_drv_uart.o(.bss) for .bss
    .\_build\nrf_drv_uart.o(i.nrf_drv_uart_uninit) refers to .\_build\nrf_drv_uart.o(i.nrf_gpio_cfg_default) for nrf_gpio_cfg_default
    .\_build\nrf_drv_uart.o(i.nrf_drv_uart_uninit) refers to .\_build\nrf_drv_uart.o(.bss) for .bss
    .\_build\nrf_drv_uart.o(i.nrf_gpio_cfg_default) refers to .\_build\nrf_drv_uart.o(i.nrf_gpio_cfg) for nrf_gpio_cfg
    .\_build\nrf_drv_uart.o(i.nrf_gpio_cfg_input) refers to .\_build\nrf_drv_uart.o(i.nrf_gpio_cfg) for nrf_gpio_cfg
    .\_build\nrf_drv_uart.o(i.nrf_gpio_cfg_output) refers to .\_build\nrf_drv_uart.o(i.nrf_gpio_cfg) for nrf_gpio_cfg
    .\_build\nrf_drv_uart.o(i.rx_byte) refers to .\_build\nrf_drv_uart.o(.bss) for .bss
    .\_build\nrf_drv_uart.o(i.rx_done_event) refers to .\_build\nrf_drv_uart.o(.bss) for .bss
    .\_build\nrf_drv_uart.o(i.tx_byte) refers to .\_build\nrf_drv_uart.o(.bss) for .bss
    .\_build\nrf_drv_uart.o(i.tx_done_event) refers to .\_build\nrf_drv_uart.o(.bss) for .bss
    .\_build\nrf_drv_gpiote.o(i.GPIOTE_IRQHandler) refers to .\_build\nrf_drv_gpiote.o(i.nrf_gpiote_event_is_set) for nrf_gpiote_event_is_set
    .\_build\nrf_drv_gpiote.o(i.GPIOTE_IRQHandler) refers to .\_build\nrf_drv_gpiote.o(i.channel_port_get) for channel_port_get
    .\_build\nrf_drv_gpiote.o(i.GPIOTE_IRQHandler) refers to .\_build\nrf_drv_gpiote.o(i.nrf_gpio_cfg_sense_set) for nrf_gpio_cfg_sense_set
    .\_build\nrf_drv_gpiote.o(i.GPIOTE_IRQHandler) refers to .\_build\nrf_drv_gpiote.o(.bss) for .bss
    .\_build\nrf_drv_gpiote.o(i.channel_free) refers to .\_build\nrf_drv_gpiote.o(.bss) for .bss
    .\_build\nrf_drv_gpiote.o(i.channel_port_alloc) refers to .\_build\nrf_drv_gpiote.o(.bss) for .bss
    .\_build\nrf_drv_gpiote.o(i.channel_port_get) refers to .\_build\nrf_drv_gpiote.o(.bss) for .bss
    .\_build\nrf_drv_gpiote.o(i.nrf_drv_gpiote_in_event_addr_get) refers to .\_build\nrf_drv_gpiote.o(i.channel_port_get) for channel_port_get
    .\_build\nrf_drv_gpiote.o(i.nrf_drv_gpiote_in_event_disable) refers to .\_build\nrf_drv_gpiote.o(i.pin_in_use_by_port) for pin_in_use_by_port
    .\_build\nrf_drv_gpiote.o(i.nrf_drv_gpiote_in_event_disable) refers to .\_build\nrf_drv_gpiote.o(i.nrf_gpio_cfg_sense_set) for nrf_gpio_cfg_sense_set
    .\_build\nrf_drv_gpiote.o(i.nrf_drv_gpiote_in_event_disable) refers to .\_build\nrf_drv_gpiote.o(i.pin_in_use_by_te) for pin_in_use_by_te
    .\_build\nrf_drv_gpiote.o(i.nrf_drv_gpiote_in_event_disable) refers to .\_build\nrf_drv_gpiote.o(i.channel_port_get) for channel_port_get
    .\_build\nrf_drv_gpiote.o(i.nrf_drv_gpiote_in_event_enable) refers to .\_build\nrf_drv_gpiote.o(i.pin_in_use_by_port) for pin_in_use_by_port
    .\_build\nrf_drv_gpiote.o(i.nrf_drv_gpiote_in_event_enable) refers to .\_build\nrf_drv_gpiote.o(i.channel_port_get) for channel_port_get
    .\_build\nrf_drv_gpiote.o(i.nrf_drv_gpiote_in_event_enable) refers to .\_build\nrf_drv_gpiote.o(i.nrf_gpio_cfg_sense_set) for nrf_gpio_cfg_sense_set
    .\_build\nrf_drv_gpiote.o(i.nrf_drv_gpiote_in_event_enable) refers to .\_build\nrf_drv_gpiote.o(i.pin_in_use_by_te) for pin_in_use_by_te
    .\_build\nrf_drv_gpiote.o(i.nrf_drv_gpiote_in_event_enable) refers to .\_build\nrf_drv_gpiote.o(.bss) for .bss
    .\_build\nrf_drv_gpiote.o(i.nrf_drv_gpiote_in_init) refers to .\_build\nrf_drv_gpiote.o(i.channel_port_alloc) for channel_port_alloc
    .\_build\nrf_drv_gpiote.o(i.nrf_drv_gpiote_in_init) refers to .\_build\nrf_drv_gpiote.o(i.nrf_gpio_cfg) for nrf_gpio_cfg
    .\_build\nrf_drv_gpiote.o(i.nrf_drv_gpiote_in_init) refers to .\_build\nrf_drv_gpiote.o(.bss) for .bss
    .\_build\nrf_drv_gpiote.o(i.nrf_drv_gpiote_in_uninit) refers to .\_build\nrf_drv_gpiote.o(i.nrf_drv_gpiote_in_event_disable) for nrf_drv_gpiote_in_event_disable
    .\_build\nrf_drv_gpiote.o(i.nrf_drv_gpiote_in_uninit) refers to .\_build\nrf_drv_gpiote.o(i.pin_in_use_by_te) for pin_in_use_by_te
    .\_build\nrf_drv_gpiote.o(i.nrf_drv_gpiote_in_uninit) refers to .\_build\nrf_drv_gpiote.o(i.channel_port_get) for channel_port_get
    .\_build\nrf_drv_gpiote.o(i.nrf_drv_gpiote_in_uninit) refers to .\_build\nrf_drv_gpiote.o(i.nrf_gpio_cfg_default) for nrf_gpio_cfg_default
    .\_build\nrf_drv_gpiote.o(i.nrf_drv_gpiote_in_uninit) refers to .\_build\nrf_drv_gpiote.o(i.channel_free) for channel_free
    .\_build\nrf_drv_gpiote.o(i.nrf_drv_gpiote_in_uninit) refers to .\_build\nrf_drv_gpiote.o(.bss) for .bss
    .\_build\nrf_drv_gpiote.o(i.nrf_drv_gpiote_init) refers to .\_build\nrf_drv_gpiote.o(i.channel_free) for channel_free
    .\_build\nrf_drv_gpiote.o(i.nrf_drv_gpiote_init) refers to .\_build\nrf_drv_common.o(i.nrf_drv_common_irq_enable) for nrf_drv_common_irq_enable
    .\_build\nrf_drv_gpiote.o(i.nrf_drv_gpiote_init) refers to .\_build\nrf_drv_gpiote.o(.bss) for .bss
    .\_build\nrf_drv_gpiote.o(i.nrf_drv_gpiote_is_init) refers to .\_build\nrf_drv_gpiote.o(.bss) for .bss
    .\_build\nrf_drv_gpiote.o(i.nrf_drv_gpiote_out_init) refers to .\_build\nrf_drv_gpiote.o(i.channel_port_alloc) for channel_port_alloc
    .\_build\nrf_drv_gpiote.o(i.nrf_drv_gpiote_out_init) refers to .\_build\nrf_drv_gpiote.o(i.nrf_gpio_cfg) for nrf_gpio_cfg
    .\_build\nrf_drv_gpiote.o(i.nrf_drv_gpiote_out_init) refers to .\_build\nrf_drv_gpiote.o(.bss) for .bss
    .\_build\nrf_drv_gpiote.o(i.nrf_drv_gpiote_out_task_addr_get) refers to .\_build\nrf_drv_gpiote.o(i.channel_port_get) for channel_port_get
    .\_build\nrf_drv_gpiote.o(i.nrf_drv_gpiote_out_task_disable) refers to .\_build\nrf_drv_gpiote.o(.bss) for .bss
    .\_build\nrf_drv_gpiote.o(i.nrf_drv_gpiote_out_task_enable) refers to .\_build\nrf_drv_gpiote.o(.bss) for .bss
    .\_build\nrf_drv_gpiote.o(i.nrf_drv_gpiote_out_task_force) refers to .\_build\nrf_drv_gpiote.o(.bss) for .bss
    .\_build\nrf_drv_gpiote.o(i.nrf_drv_gpiote_out_task_trigger) refers to .\_build\nrf_drv_gpiote.o(i.channel_port_get) for channel_port_get
    .\_build\nrf_drv_gpiote.o(i.nrf_drv_gpiote_out_uninit) refers to .\_build\nrf_drv_gpiote.o(i.pin_in_use_by_te) for pin_in_use_by_te
    .\_build\nrf_drv_gpiote.o(i.nrf_drv_gpiote_out_uninit) refers to .\_build\nrf_drv_gpiote.o(i.channel_port_get) for channel_port_get
    .\_build\nrf_drv_gpiote.o(i.nrf_drv_gpiote_out_uninit) refers to .\_build\nrf_drv_gpiote.o(i.channel_free) for channel_free
    .\_build\nrf_drv_gpiote.o(i.nrf_drv_gpiote_out_uninit) refers to .\_build\nrf_drv_gpiote.o(i.nrf_gpio_cfg_default) for nrf_gpio_cfg_default
    .\_build\nrf_drv_gpiote.o(i.nrf_drv_gpiote_out_uninit) refers to .\_build\nrf_drv_gpiote.o(.bss) for .bss
    .\_build\nrf_drv_gpiote.o(i.nrf_drv_gpiote_uninit) refers to .\_build\nrf_drv_gpiote.o(i.nrf_drv_gpiote_in_uninit) for nrf_drv_gpiote_in_uninit
    .\_build\nrf_drv_gpiote.o(i.nrf_drv_gpiote_uninit) refers to .\_build\nrf_drv_gpiote.o(i.nrf_drv_gpiote_out_uninit) for nrf_drv_gpiote_out_uninit
    .\_build\nrf_drv_gpiote.o(i.nrf_drv_gpiote_uninit) refers to .\_build\nrf_drv_gpiote.o(.bss) for .bss
    .\_build\nrf_drv_gpiote.o(i.nrf_gpio_cfg_default) refers to .\_build\nrf_drv_gpiote.o(i.nrf_gpio_cfg) for nrf_gpio_cfg
    .\_build\nrf_drv_gpiote.o(i.pin_in_use_by_port) refers to .\_build\nrf_drv_gpiote.o(.bss) for .bss
    .\_build\nrf_drv_gpiote.o(i.pin_in_use_by_te) refers to .\_build\nrf_drv_gpiote.o(.bss) for .bss
    .\_build\nrf_drv_ppi.o(i.is_allocated_channel) refers to .\_build\nrf_drv_ppi.o(.data) for .data
    .\_build\nrf_drv_ppi.o(i.is_allocated_group) refers to .\_build\nrf_drv_ppi.o(.data) for .data
    .\_build\nrf_drv_ppi.o(i.is_app_channel) refers to .\_build\nrf_drv_ppi.o(i.are_app_channels) for are_app_channels
    .\_build\nrf_drv_ppi.o(i.nrf_drv_ppi_channel_alloc) refers to .\_build\app_util_platform.o(i.critical_region_enter) for critical_region_enter
    .\_build\nrf_drv_ppi.o(i.nrf_drv_ppi_channel_alloc) refers to .\_build\nrf_drv_ppi.o(i.is_allocated_channel) for is_allocated_channel
    .\_build\nrf_drv_ppi.o(i.nrf_drv_ppi_channel_alloc) refers to .\_build\app_util_platform.o(i.critical_region_exit) for critical_region_exit
    .\_build\nrf_drv_ppi.o(i.nrf_drv_ppi_channel_alloc) refers to .\_build\nrf_drv_ppi.o(.data) for .data
    .\_build\nrf_drv_ppi.o(i.nrf_drv_ppi_channel_assign) refers to .\_build\nrf_drv_ppi.o(i.is_programmable_app_channel) for is_programmable_app_channel
    .\_build\nrf_drv_ppi.o(i.nrf_drv_ppi_channel_assign) refers to .\_build\nrf_drv_ppi.o(i.is_allocated_channel) for is_allocated_channel
    .\_build\nrf_drv_ppi.o(i.nrf_drv_ppi_channel_disable) refers to .\_build\nrf_drv_ppi.o(i.is_app_channel) for is_app_channel
    .\_build\nrf_drv_ppi.o(i.nrf_drv_ppi_channel_disable) refers to .\_build\nrf_drv_ppi.o(i.is_programmable_app_channel) for is_programmable_app_channel
    .\_build\nrf_drv_ppi.o(i.nrf_drv_ppi_channel_disable) refers to .\_build\nrf_drv_ppi.o(i.is_allocated_channel) for is_allocated_channel
    .\_build\nrf_drv_ppi.o(i.nrf_drv_ppi_channel_enable) refers to .\_build\nrf_drv_ppi.o(i.is_app_channel) for is_app_channel
    .\_build\nrf_drv_ppi.o(i.nrf_drv_ppi_channel_enable) refers to .\_build\nrf_drv_ppi.o(i.is_programmable_app_channel) for is_programmable_app_channel
    .\_build\nrf_drv_ppi.o(i.nrf_drv_ppi_channel_enable) refers to .\_build\nrf_drv_ppi.o(i.is_allocated_channel) for is_allocated_channel
    .\_build\nrf_drv_ppi.o(i.nrf_drv_ppi_channel_free) refers to .\_build\nrf_drv_ppi.o(i.is_programmable_app_channel) for is_programmable_app_channel
    .\_build\nrf_drv_ppi.o(i.nrf_drv_ppi_channel_free) refers to .\_build\app_util_platform.o(i.critical_region_enter) for critical_region_enter
    .\_build\nrf_drv_ppi.o(i.nrf_drv_ppi_channel_free) refers to .\_build\app_util_platform.o(i.critical_region_exit) for critical_region_exit
    .\_build\nrf_drv_ppi.o(i.nrf_drv_ppi_channel_free) refers to .\_build\nrf_drv_ppi.o(.data) for .data
    .\_build\nrf_drv_ppi.o(i.nrf_drv_ppi_channels_include_in_group) refers to .\_build\nrf_drv_ppi.o(i.is_app_group) for is_app_group
    .\_build\nrf_drv_ppi.o(i.nrf_drv_ppi_channels_include_in_group) refers to .\_build\nrf_drv_ppi.o(i.is_allocated_group) for is_allocated_group
    .\_build\nrf_drv_ppi.o(i.nrf_drv_ppi_channels_include_in_group) refers to .\_build\nrf_drv_ppi.o(i.are_app_channels) for are_app_channels
    .\_build\nrf_drv_ppi.o(i.nrf_drv_ppi_channels_include_in_group) refers to .\_build\app_util_platform.o(i.critical_region_enter) for critical_region_enter
    .\_build\nrf_drv_ppi.o(i.nrf_drv_ppi_channels_include_in_group) refers to .\_build\app_util_platform.o(i.critical_region_exit) for critical_region_exit
    .\_build\nrf_drv_ppi.o(i.nrf_drv_ppi_channels_remove_from_group) refers to .\_build\nrf_drv_ppi.o(i.is_app_group) for is_app_group
    .\_build\nrf_drv_ppi.o(i.nrf_drv_ppi_channels_remove_from_group) refers to .\_build\nrf_drv_ppi.o(i.is_allocated_group) for is_allocated_group
    .\_build\nrf_drv_ppi.o(i.nrf_drv_ppi_channels_remove_from_group) refers to .\_build\nrf_drv_ppi.o(i.are_app_channels) for are_app_channels
    .\_build\nrf_drv_ppi.o(i.nrf_drv_ppi_channels_remove_from_group) refers to .\_build\app_util_platform.o(i.critical_region_enter) for critical_region_enter
    .\_build\nrf_drv_ppi.o(i.nrf_drv_ppi_channels_remove_from_group) refers to .\_build\app_util_platform.o(i.critical_region_exit) for critical_region_exit
    .\_build\nrf_drv_ppi.o(i.nrf_drv_ppi_group_alloc) refers to .\_build\app_util_platform.o(i.critical_region_enter) for critical_region_enter
    .\_build\nrf_drv_ppi.o(i.nrf_drv_ppi_group_alloc) refers to .\_build\nrf_drv_ppi.o(i.is_allocated_group) for is_allocated_group
    .\_build\nrf_drv_ppi.o(i.nrf_drv_ppi_group_alloc) refers to .\_build\app_util_platform.o(i.critical_region_exit) for critical_region_exit
    .\_build\nrf_drv_ppi.o(i.nrf_drv_ppi_group_alloc) refers to .\_build\nrf_drv_ppi.o(.data) for .data
    .\_build\nrf_drv_ppi.o(i.nrf_drv_ppi_group_disable) refers to .\_build\nrf_drv_ppi.o(i.is_app_group) for is_app_group
    .\_build\nrf_drv_ppi.o(i.nrf_drv_ppi_group_enable) refers to .\_build\nrf_drv_ppi.o(i.is_app_group) for is_app_group
    .\_build\nrf_drv_ppi.o(i.nrf_drv_ppi_group_enable) refers to .\_build\nrf_drv_ppi.o(i.is_allocated_group) for is_allocated_group
    .\_build\nrf_drv_ppi.o(i.nrf_drv_ppi_group_free) refers to .\_build\nrf_drv_ppi.o(i.is_app_group) for is_app_group
    .\_build\nrf_drv_ppi.o(i.nrf_drv_ppi_group_free) refers to .\_build\nrf_drv_ppi.o(i.is_allocated_group) for is_allocated_group
    .\_build\nrf_drv_ppi.o(i.nrf_drv_ppi_group_free) refers to .\_build\app_util_platform.o(i.critical_region_enter) for critical_region_enter
    .\_build\nrf_drv_ppi.o(i.nrf_drv_ppi_group_free) refers to .\_build\app_util_platform.o(i.critical_region_exit) for critical_region_exit
    .\_build\nrf_drv_ppi.o(i.nrf_drv_ppi_group_free) refers to .\_build\nrf_drv_ppi.o(.data) for .data
    .\_build\nrf_drv_ppi.o(i.nrf_drv_ppi_init) refers to .\_build\nrf_drv_ppi.o(.data) for .data
    .\_build\nrf_drv_ppi.o(i.nrf_drv_ppi_uninit) refers to .\_build\nrf_drv_ppi.o(.data) for .data
    .\_build\nrf_drv_timer.o(i.TIMER0_IRQHandler) refers to .\_build\nrf_drv_timer.o(i.nrf_drv_timer_interrupt_handle) for nrf_drv_timer_interrupt_handle
    .\_build\nrf_drv_timer.o(i.TIMER1_IRQHandler) refers to .\_build\nrf_drv_timer.o(i.nrf_drv_timer_interrupt_handle) for nrf_drv_timer_interrupt_handle
    .\_build\nrf_drv_timer.o(i.TIMER2_IRQHandler) refers to .\_build\nrf_drv_timer.o(i.nrf_drv_timer_interrupt_handle) for nrf_drv_timer_interrupt_handle
    .\_build\nrf_drv_timer.o(i.nrf_drv_timer_disable) refers to .\_build\nrf_drv_timer.o(.data) for .data
    .\_build\nrf_drv_timer.o(i.nrf_drv_timer_enable) refers to .\_build\nrf_drv_timer.o(.data) for .data
    .\_build\nrf_drv_timer.o(i.nrf_drv_timer_extended_compare) refers to .\_build\nrf_drv_timer.o(i.nrf_drv_timer_compare) for nrf_drv_timer_compare
    .\_build\nrf_drv_timer.o(i.nrf_drv_timer_init) refers to .\_build\nrf_drv_common.o(i.nrf_drv_common_irq_enable) for nrf_drv_common_irq_enable
    .\_build\nrf_drv_timer.o(i.nrf_drv_timer_init) refers to .\_build\nrf_drv_timer.o(.data) for .data
    .\_build\nrf_drv_timer.o(i.nrf_drv_timer_init) refers to .\_build\nrf_drv_timer.o(.constdata) for .constdata
    .\_build\nrf_drv_timer.o(i.nrf_drv_timer_init) refers to .\_build\nrf_drv_timer.o(.bss) for .bss
    .\_build\nrf_drv_timer.o(i.nrf_drv_timer_interrupt_handle) refers to .\_build\nrf_drv_timer.o(.bss) for .bss
    .\_build\nrf_drv_timer.o(i.nrf_drv_timer_uninit) refers to .\_build\nrf_drv_timer.o(i.nrf_drv_timer_disable) for nrf_drv_timer_disable
    .\_build\nrf_drv_timer.o(i.nrf_drv_timer_uninit) refers to .\_build\nrf_drv_timer.o(.bss) for .bss
    .\_build\nrf_drv_timer.o(i.nrf_drv_timer_uninit) refers to .\_build\nrf_drv_timer.o(.data) for .data
    .\_build\app_fifo.o(i.app_fifo_get) refers to .\_build\app_fifo.o(i.fifo_get) for fifo_get
    .\_build\app_fifo.o(i.app_fifo_put) refers to .\_build\app_fifo.o(i.fifo_put) for fifo_put
    .\_build\app_fifo.o(i.app_fifo_read) refers to .\_build\app_fifo.o(i.fifo_get) for fifo_get
    .\_build\app_fifo.o(i.app_fifo_write) refers to .\_build\app_fifo.o(i.fifo_put) for fifo_put
    .\_build\app_util_platform.o(i.critical_region_enter) refers to .\_build\app_util_platform.o(.data) for .data
    .\_build\app_util_platform.o(i.critical_region_exit) refers to .\_build\app_util_platform.o(.data) for .data
    .\_build\retarget.o(i.fgetc) refers to .\_build\app_uart_fifo.o(i.app_uart_get) for app_uart_get
    .\_build\retarget.o(i.fputc) refers to .\_build\app_uart_fifo.o(i.app_uart_put) for app_uart_put
    .\_build\app_pwm.o(i.app_pwm_busy_check) refers to .\_build\nrf_drv_timer.o(i.nrf_drv_timer_capture_get) for nrf_drv_timer_capture_get
    .\_build\app_pwm.o(i.app_pwm_busy_check) refers to .\_build\app_pwm.o(.data) for .data
    .\_build\app_pwm.o(i.app_pwm_busy_check) refers to .\_build\app_pwm.o(.bss) for .bss
    .\_build\app_pwm.o(i.app_pwm_channel_duty_get) refers to .\_build\app_pwm.o(i.app_pwm_channel_duty_ticks_get) for app_pwm_channel_duty_ticks_get
    .\_build\app_pwm.o(i.app_pwm_channel_duty_get) refers to E:\softs\Keil_v5\ARM\ARMCC\Bin\..\lib\armlib\mc_p.l(uidiv.o)(.text) for __aeabi_uidivmod
    .\_build\app_pwm.o(i.app_pwm_channel_duty_set) refers to E:\softs\Keil_v5\ARM\ARMCC\Bin\..\lib\armlib\mc_p.l(uidiv.o)(.text) for __aeabi_uidivmod
    .\_build\app_pwm.o(i.app_pwm_channel_duty_set) refers to .\_build\app_pwm.o(i.app_pwm_channel_duty_ticks_set) for app_pwm_channel_duty_ticks_set
    .\_build\app_pwm.o(i.app_pwm_channel_duty_ticks_set) refers to .\_build\app_pwm.o(i.app_pwm_busy_check) for app_pwm_busy_check
    .\_build\app_pwm.o(i.app_pwm_channel_duty_ticks_set) refers to .\_build\app_pwm.o(i.pwm_transition_0or100_to_0or100) for pwm_transition_0or100_to_0or100
    .\_build\app_pwm.o(i.app_pwm_channel_duty_ticks_set) refers to .\_build\app_pwm.o(i.pwm_transition_0or100_to_n) for pwm_transition_0or100_to_n
    .\_build\app_pwm.o(i.app_pwm_channel_duty_ticks_set) refers to .\_build\app_pwm.o(i.pwm_transition_n_to_0or100) for pwm_transition_n_to_0or100
    .\_build\app_pwm.o(i.app_pwm_channel_duty_ticks_set) refers to .\_build\app_pwm.o(i.pwm_transition_n_to_m) for pwm_transition_n_to_m
    .\_build\app_pwm.o(i.app_pwm_channel_duty_ticks_set) refers to .\_build\nrf_drv_timer.o(i.nrf_drv_timer_compare_int_enable) for nrf_drv_timer_compare_int_enable
    .\_build\app_pwm.o(i.app_pwm_channel_duty_ticks_set) refers to .\_build\app_pwm.o(.data) for .data
    .\_build\app_pwm.o(i.app_pwm_channel_init) refers to .\_build\nrf_drv_gpiote.o(i.nrf_drv_gpiote_out_init) for nrf_drv_gpiote_out_init
    .\_build\app_pwm.o(i.app_pwm_channel_init) refers to .\_build\nrf_drv_ppi.o(i.nrf_drv_ppi_channel_alloc) for nrf_drv_ppi_channel_alloc
    .\_build\app_pwm.o(i.app_pwm_channel_init) refers to .\_build\nrf_drv_ppi.o(i.nrf_drv_ppi_channel_disable) for nrf_drv_ppi_channel_disable
    .\_build\app_pwm.o(i.app_pwm_channel_init) refers to .\_build\nrf_drv_gpiote.o(i.nrf_drv_gpiote_out_task_addr_get) for nrf_drv_gpiote_out_task_addr_get
    .\_build\app_pwm.o(i.app_pwm_channel_init) refers to .\_build\nrf_drv_timer.o(i.nrf_drv_timer_compare_event_address_get) for nrf_drv_timer_compare_event_address_get
    .\_build\app_pwm.o(i.app_pwm_channel_init) refers to .\_build\nrf_drv_ppi.o(i.nrf_drv_ppi_channel_assign) for nrf_drv_ppi_channel_assign
    .\_build\app_pwm.o(i.app_pwm_channel_init) refers to .\_build\app_pwm.o(.constdata) for .constdata
    .\_build\app_pwm.o(i.app_pwm_channel_init) refers to .\_build\app_pwm.o(.data) for .data
    .\_build\app_pwm.o(i.app_pwm_disable) refers to .\_build\nrf_drv_timer.o(i.nrf_drv_timer_disable) for nrf_drv_timer_disable
    .\_build\app_pwm.o(i.app_pwm_disable) refers to .\_build\nrf_drv_timer.o(i.nrf_drv_timer_compare_int_disable) for nrf_drv_timer_compare_int_disable
    .\_build\app_pwm.o(i.app_pwm_disable) refers to .\_build\nrf_drv_ppi.o(i.nrf_drv_ppi_channel_disable) for nrf_drv_ppi_channel_disable
    .\_build\app_pwm.o(i.app_pwm_disable) refers to .\_build\nrf_drv_gpiote.o(i.nrf_drv_gpiote_out_task_disable) for nrf_drv_gpiote_out_task_disable
    .\_build\app_pwm.o(i.app_pwm_disable) refers to .\_build\app_pwm.o(i.pan73_workaround) for pan73_workaround
    .\_build\app_pwm.o(i.app_pwm_enable) refers to .\_build\nrf_drv_gpiote.o(i.nrf_drv_gpiote_out_task_force) for nrf_drv_gpiote_out_task_force
    .\_build\app_pwm.o(i.app_pwm_enable) refers to .\_build\nrf_drv_gpiote.o(i.nrf_drv_gpiote_out_task_enable) for nrf_drv_gpiote_out_task_enable
    .\_build\app_pwm.o(i.app_pwm_enable) refers to .\_build\app_pwm.o(i.pan73_workaround) for pan73_workaround
    .\_build\app_pwm.o(i.app_pwm_enable) refers to .\_build\nrf_drv_timer.o(i.nrf_drv_timer_clear) for nrf_drv_timer_clear
    .\_build\app_pwm.o(i.app_pwm_enable) refers to .\_build\nrf_drv_timer.o(i.nrf_drv_timer_enable) for nrf_drv_timer_enable
    .\_build\app_pwm.o(i.app_pwm_enable) refers to .\_build\app_pwm.o(.data) for .data
    .\_build\app_pwm.o(i.app_pwm_init) refers to .\_build\nrf_drv_ppi.o(i.nrf_drv_ppi_init) for nrf_drv_ppi_init
    .\_build\app_pwm.o(i.app_pwm_init) refers to .\_build\nrf_drv_gpiote.o(i.nrf_drv_gpiote_is_init) for nrf_drv_gpiote_is_init
    .\_build\app_pwm.o(i.app_pwm_init) refers to .\_build\nrf_drv_gpiote.o(i.nrf_drv_gpiote_init) for nrf_drv_gpiote_init
    .\_build\app_pwm.o(i.app_pwm_init) refers to .\_build\nrf_drv_ppi.o(i.nrf_drv_ppi_channel_alloc) for nrf_drv_ppi_channel_alloc
    .\_build\app_pwm.o(i.app_pwm_init) refers to .\_build\nrf_drv_ppi.o(i.nrf_drv_ppi_group_alloc) for nrf_drv_ppi_group_alloc
    .\_build\app_pwm.o(i.app_pwm_init) refers to .\_build\app_pwm.o(i.pwm_dealloc) for pwm_dealloc
    .\_build\app_pwm.o(i.app_pwm_init) refers to .\_build\app_pwm.o(i.app_pwm_channel_init) for app_pwm_channel_init
    .\_build\app_pwm.o(i.app_pwm_init) refers to .\_build\app_pwm.o(i.app_pwm_channel_duty_ticks_set) for app_pwm_channel_duty_ticks_set
    .\_build\app_pwm.o(i.app_pwm_init) refers to .\_build\nrf_drv_timer.o(i.nrf_drv_timer_init) for nrf_drv_timer_init
    .\_build\app_pwm.o(i.app_pwm_init) refers to .\_build\nrf_drv_timer.o(i.nrf_drv_timer_us_to_ticks) for nrf_drv_timer_us_to_ticks
    .\_build\app_pwm.o(i.app_pwm_init) refers to .\_build\nrf_drv_timer.o(i.nrf_drv_timer_clear) for nrf_drv_timer_clear
    .\_build\app_pwm.o(i.app_pwm_init) refers to .\_build\nrf_drv_timer.o(i.nrf_drv_timer_extended_compare) for nrf_drv_timer_extended_compare
    .\_build\app_pwm.o(i.app_pwm_init) refers to .\_build\nrf_drv_timer.o(i.nrf_drv_timer_compare_int_disable) for nrf_drv_timer_compare_int_disable
    .\_build\app_pwm.o(i.app_pwm_init) refers to .\_build\app_pwm.o(.constdata) for .constdata
    .\_build\app_pwm.o(i.app_pwm_init) refers to .\_build\app_pwm.o(i.pwm_ready_tick) for pwm_ready_tick
    .\_build\app_pwm.o(i.app_pwm_init) refers to .\_build\app_pwm.o(.bss) for .bss
    .\_build\app_pwm.o(i.app_pwm_init) refers to .\_build\app_pwm.o(.data) for .data
    .\_build\app_pwm.o(i.app_pwm_uninit) refers to .\_build\app_pwm.o(i.app_pwm_disable) for app_pwm_disable
    .\_build\app_pwm.o(i.app_pwm_uninit) refers to .\_build\app_pwm.o(i.pwm_dealloc) for pwm_dealloc
    .\_build\app_pwm.o(i.pwm_channel_ppi_disable) refers to .\_build\nrf_drv_ppi.o(i.nrf_drv_ppi_channel_disable) for nrf_drv_ppi_channel_disable
    .\_build\app_pwm.o(i.pwm_dealloc) refers to .\_build\nrf_drv_ppi.o(i.nrf_drv_ppi_channel_free) for nrf_drv_ppi_channel_free
    .\_build\app_pwm.o(i.pwm_dealloc) refers to .\_build\nrf_drv_ppi.o(i.nrf_drv_ppi_group_free) for nrf_drv_ppi_group_free
    .\_build\app_pwm.o(i.pwm_dealloc) refers to .\_build\nrf_drv_gpiote.o(i.nrf_drv_gpiote_out_uninit) for nrf_drv_gpiote_out_uninit
    .\_build\app_pwm.o(i.pwm_dealloc) refers to .\_build\nrf_drv_timer.o(i.nrf_drv_timer_uninit) for nrf_drv_timer_uninit
    .\_build\app_pwm.o(i.pwm_ppi_disable) refers to .\_build\nrf_drv_ppi.o(i.nrf_drv_ppi_channel_disable) for nrf_drv_ppi_channel_disable
    .\_build\app_pwm.o(i.pwm_ready_tick) refers to .\_build\nrf_drv_timer.o(i.nrf_drv_timer_compare_int_disable) for nrf_drv_timer_compare_int_disable
    .\_build\app_pwm.o(i.pwm_ready_tick) refers to .\_build\app_pwm.o(.data) for .data
    .\_build\app_pwm.o(i.pwm_ready_tick) refers to .\_build\app_pwm.o(.bss) for .bss
    .\_build\app_pwm.o(i.pwm_transition_0or100_to_0or100) refers to .\_build\app_pwm.o(i.pwm_ppi_disable) for pwm_ppi_disable
    .\_build\app_pwm.o(i.pwm_transition_0or100_to_0or100) refers to .\_build\app_pwm.o(i.pwm_channel_ppi_disable) for pwm_channel_ppi_disable
    .\_build\app_pwm.o(i.pwm_transition_0or100_to_0or100) refers to .\_build\nrf_drv_gpiote.o(i.nrf_drv_gpiote_out_task_force) for nrf_drv_gpiote_out_task_force
    .\_build\app_pwm.o(i.pwm_transition_0or100_to_0or100) refers to .\_build\nrf_drv_timer.o(i.nrf_drv_timer_compare) for nrf_drv_timer_compare
    .\_build\app_pwm.o(i.pwm_transition_0or100_to_0or100) refers to .\_build\app_pwm.o(.data) for .data
    .\_build\app_pwm.o(i.pwm_transition_0or100_to_n) refers to .\_build\app_pwm.o(i.pwm_ppi_disable) for pwm_ppi_disable
    .\_build\app_pwm.o(i.pwm_transition_0or100_to_n) refers to .\_build\app_pwm.o(i.pwm_channel_ppi_disable) for pwm_channel_ppi_disable
    .\_build\app_pwm.o(i.pwm_transition_0or100_to_n) refers to .\_build\nrf_drv_timer.o(i.nrf_drv_timer_compare) for nrf_drv_timer_compare
    .\_build\app_pwm.o(i.pwm_transition_0or100_to_n) refers to .\_build\nrf_drv_ppi.o(i.nrf_drv_ppi_channels_remove_from_group) for nrf_drv_ppi_channels_remove_from_group
    .\_build\app_pwm.o(i.pwm_transition_0or100_to_n) refers to .\_build\nrf_drv_ppi.o(i.nrf_drv_ppi_channels_include_in_group) for nrf_drv_ppi_channels_include_in_group
    .\_build\app_pwm.o(i.pwm_transition_0or100_to_n) refers to .\_build\nrf_drv_timer.o(i.nrf_drv_timer_compare_event_address_get) for nrf_drv_timer_compare_event_address_get
    .\_build\app_pwm.o(i.pwm_transition_0or100_to_n) refers to .\_build\nrf_drv_ppi.o(i.nrf_drv_ppi_channel_assign) for nrf_drv_ppi_channel_assign
    .\_build\app_pwm.o(i.pwm_transition_0or100_to_n) refers to .\_build\nrf_drv_timer.o(i.nrf_drv_timer_capture_task_address_get) for nrf_drv_timer_capture_task_address_get
    .\_build\app_pwm.o(i.pwm_transition_0or100_to_n) refers to .\_build\nrf_drv_ppi.o(i.nrf_drv_ppi_channel_enable) for nrf_drv_ppi_channel_enable
    .\_build\app_pwm.o(i.pwm_transition_0or100_to_n) refers to .\_build\nrf_drv_timer.o(i.nrf_drv_timer_capture_get) for nrf_drv_timer_capture_get
    .\_build\app_pwm.o(i.pwm_transition_0or100_to_n) refers to .\_build\app_pwm.o(.bss) for .bss
    .\_build\app_pwm.o(i.pwm_transition_0or100_to_n) refers to .\_build\app_pwm.o(.data) for .data
    .\_build\app_pwm.o(i.pwm_transition_n_to_0or100) refers to .\_build\app_pwm.o(i.pwm_ppi_disable) for pwm_ppi_disable
    .\_build\app_pwm.o(i.pwm_transition_n_to_0or100) refers to .\_build\nrf_drv_ppi.o(i.nrf_drv_ppi_channels_remove_from_group) for nrf_drv_ppi_channels_remove_from_group
    .\_build\app_pwm.o(i.pwm_transition_n_to_0or100) refers to .\_build\nrf_drv_ppi.o(i.nrf_drv_ppi_channels_include_in_group) for nrf_drv_ppi_channels_include_in_group
    .\_build\app_pwm.o(i.pwm_transition_n_to_0or100) refers to .\_build\nrf_drv_timer.o(i.nrf_drv_timer_compare_event_address_get) for nrf_drv_timer_compare_event_address_get
    .\_build\app_pwm.o(i.pwm_transition_n_to_0or100) refers to .\_build\nrf_drv_ppi.o(i.nrf_drv_ppi_channel_assign) for nrf_drv_ppi_channel_assign
    .\_build\app_pwm.o(i.pwm_transition_n_to_0or100) refers to .\_build\nrf_drv_timer.o(i.nrf_drv_timer_compare) for nrf_drv_timer_compare
    .\_build\app_pwm.o(i.pwm_transition_n_to_0or100) refers to .\_build\nrf_drv_timer.o(i.nrf_drv_timer_capture_task_address_get) for nrf_drv_timer_capture_task_address_get
    .\_build\app_pwm.o(i.pwm_transition_n_to_0or100) refers to .\_build\nrf_drv_ppi.o(i.nrf_drv_ppi_channel_enable) for nrf_drv_ppi_channel_enable
    .\_build\app_pwm.o(i.pwm_transition_n_to_0or100) refers to .\_build\nrf_drv_timer.o(i.nrf_drv_timer_capture_get) for nrf_drv_timer_capture_get
    .\_build\app_pwm.o(i.pwm_transition_n_to_0or100) refers to .\_build\app_pwm.o(.bss) for .bss
    .\_build\app_pwm.o(i.pwm_transition_n_to_0or100) refers to .\_build\app_pwm.o(.data) for .data
    .\_build\app_pwm.o(i.pwm_transition_n_to_m) refers to .\_build\app_pwm.o(i.pwm_ppi_disable) for pwm_ppi_disable
    .\_build\app_pwm.o(i.pwm_transition_n_to_m) refers to .\_build\nrf_drv_ppi.o(i.nrf_drv_ppi_channels_remove_from_group) for nrf_drv_ppi_channels_remove_from_group
    .\_build\app_pwm.o(i.pwm_transition_n_to_m) refers to .\_build\nrf_drv_ppi.o(i.nrf_drv_ppi_channels_include_in_group) for nrf_drv_ppi_channels_include_in_group
    .\_build\app_pwm.o(i.pwm_transition_n_to_m) refers to .\_build\nrf_drv_timer.o(i.nrf_drv_timer_capture_task_address_get) for nrf_drv_timer_capture_task_address_get
    .\_build\app_pwm.o(i.pwm_transition_n_to_m) refers to .\_build\nrf_drv_timer.o(i.nrf_drv_timer_compare_event_address_get) for nrf_drv_timer_compare_event_address_get
    .\_build\app_pwm.o(i.pwm_transition_n_to_m) refers to .\_build\nrf_drv_ppi.o(i.nrf_drv_ppi_channel_assign) for nrf_drv_ppi_channel_assign
    .\_build\app_pwm.o(i.pwm_transition_n_to_m) refers to .\_build\nrf_drv_gpiote.o(i.nrf_drv_gpiote_out_task_addr_get) for nrf_drv_gpiote_out_task_addr_get
    .\_build\app_pwm.o(i.pwm_transition_n_to_m) refers to .\_build\nrf_drv_timer.o(i.nrf_drv_timer_compare) for nrf_drv_timer_compare
    .\_build\app_pwm.o(i.pwm_transition_n_to_m) refers to .\_build\nrf_drv_ppi.o(i.nrf_drv_ppi_group_enable) for nrf_drv_ppi_group_enable
    .\_build\app_pwm.o(i.pwm_transition_n_to_m) refers to .\_build\app_pwm.o(.bss) for .bss
    .\_build\app_pwm.o(i.pwm_transition_n_to_m) refers to .\_build\app_pwm.o(.data) for .data
    .\_build\arm_startup_nrf51.o(RESET) refers to .\_build\arm_startup_nrf51.o(STACK) for __initial_sp
    .\_build\arm_startup_nrf51.o(RESET) refers to .\_build\arm_startup_nrf51.o(.text) for Reset_Handler
    .\_build\arm_startup_nrf51.o(RESET) refers to .\_build\nrf_drv_uart.o(i.UART0_IRQHandler) for UART0_IRQHandler
    .\_build\arm_startup_nrf51.o(RESET) refers to .\_build\nrf_drv_gpiote.o(i.GPIOTE_IRQHandler) for GPIOTE_IRQHandler
    .\_build\arm_startup_nrf51.o(RESET) refers to .\_build\main.o(i.ADC_IRQHandler) for ADC_IRQHandler
    .\_build\arm_startup_nrf51.o(RESET) refers to .\_build\nrf_drv_timer.o(i.TIMER0_IRQHandler) for TIMER0_IRQHandler
    .\_build\arm_startup_nrf51.o(RESET) refers to .\_build\nrf_drv_timer.o(i.TIMER1_IRQHandler) for TIMER1_IRQHandler
    .\_build\arm_startup_nrf51.o(RESET) refers to .\_build\main.o(i.TIMER2_IRQHandler) for TIMER2_IRQHandler
    .\_build\arm_startup_nrf51.o(RESET) refers to .\_build\nrf_drv_timer.o(i.TIMER2_IRQHandler) for TIMER2_IRQHandler
    .\_build\arm_startup_nrf51.o(RESET) refers to .\_build\main.o(i.RTC1_IRQHandler) for RTC1_IRQHandler
    .\_build\arm_startup_nrf51.o(.text) refers to .\_build\system_nrf51.o(i.SystemInit) for SystemInit
    .\_build\arm_startup_nrf51.o(.text) refers to E:\softs\Keil_v5\ARM\ARMCC\Bin\..\lib\armlib\mc_p.l(entry.o)(.ARM.Collect$$$$00000000) for __main
    .\_build\system_nrf51.o(i.SystemCoreClockUpdate) refers to .\_build\system_nrf51.o(.data) for .data
    .\_build\system_nrf51.o(i.SystemInit) refers to .\_build\system_nrf51.o(i.is_manual_peripheral_setup_needed) for is_manual_peripheral_setup_needed
    E:\softs\Keil_v5\ARM\ARMCC\Bin\..\lib\armlib\m_ps.l(pow.o)(i.__softfp_pow) refers (Special) to E:\softs\Keil_v5\ARM\ARMCC\Bin\..\lib\armlib\mc_p.l(iusefp.o)(.text) for __I$use$fp
    E:\softs\Keil_v5\ARM\ARMCC\Bin\..\lib\armlib\m_ps.l(pow.o)(i.__softfp_pow) refers to E:\softs\Keil_v5\ARM\ARMCC\Bin\..\lib\armlib\m_ps.l(pow.o)(i.pow) for pow
    E:\softs\Keil_v5\ARM\ARMCC\Bin\..\lib\armlib\m_ps.l(pow.o)(i.pow) refers (Special) to E:\softs\Keil_v5\ARM\ARMCC\Bin\..\lib\armlib\mc_p.l(iusefp.o)(.text) for __I$use$fp
    E:\softs\Keil_v5\ARM\ARMCC\Bin\..\lib\armlib\m_ps.l(pow.o)(i.pow) refers to E:\softs\Keil_v5\ARM\ARMCC\Bin\..\lib\armlib\m_ps.l(dunder.o)(i.__mathlib_dbl_infnan2) for __mathlib_dbl_infnan2
    E:\softs\Keil_v5\ARM\ARMCC\Bin\..\lib\armlib\m_ps.l(pow.o)(i.pow) refers to E:\softs\Keil_v5\ARM\ARMCC\Bin\..\lib\armlib\mc_p.l(errno.o)(i.__set_errno) for __set_errno
    E:\softs\Keil_v5\ARM\ARMCC\Bin\..\lib\armlib\m_ps.l(pow.o)(i.pow) refers to E:\softs\Keil_v5\ARM\ARMCC\Bin\..\lib\armlib\m_ps.l(dunder.o)(i.__mathlib_dbl_divzero) for __mathlib_dbl_divzero
    E:\softs\Keil_v5\ARM\ARMCC\Bin\..\lib\armlib\m_ps.l(pow.o)(i.pow) refers to E:\softs\Keil_v5\ARM\ARMCC\Bin\..\lib\armlib\mf_p.l(ddiv.o)(.text) for __aeabi_ddiv
    E:\softs\Keil_v5\ARM\ARMCC\Bin\..\lib\armlib\m_ps.l(pow.o)(i.pow) refers to E:\softs\Keil_v5\ARM\ARMCC\Bin\..\lib\armlib\m_ps.l(sqrt.o)(i.sqrt) for sqrt
    E:\softs\Keil_v5\ARM\ARMCC\Bin\..\lib\armlib\m_ps.l(pow.o)(i.pow) refers to E:\softs\Keil_v5\ARM\ARMCC\Bin\..\lib\armlib\mf_p.l(dflti.o)(.text) for __aeabi_i2d
    E:\softs\Keil_v5\ARM\ARMCC\Bin\..\lib\armlib\m_ps.l(pow.o)(i.pow) refers to E:\softs\Keil_v5\ARM\ARMCC\Bin\..\lib\armlib\m_ps.l(dunder.o)(i.__mathlib_dbl_invalid) for __mathlib_dbl_invalid
    E:\softs\Keil_v5\ARM\ARMCC\Bin\..\lib\armlib\m_ps.l(pow.o)(i.pow) refers to E:\softs\Keil_v5\ARM\ARMCC\Bin\..\lib\armlib\m_ps.l(dunder.o)(i.__mathlib_dbl_overflow) for __mathlib_dbl_overflow
    E:\softs\Keil_v5\ARM\ARMCC\Bin\..\lib\armlib\m_ps.l(pow.o)(i.pow) refers to E:\softs\Keil_v5\ARM\ARMCC\Bin\..\lib\armlib\mf_p.l(dmul.o)(.text) for __aeabi_dmul
    E:\softs\Keil_v5\ARM\ARMCC\Bin\..\lib\armlib\m_ps.l(pow.o)(i.pow) refers to E:\softs\Keil_v5\ARM\ARMCC\Bin\..\lib\armlib\m_ps.l(dunder.o)(i.__mathlib_dbl_underflow) for __mathlib_dbl_underflow
    E:\softs\Keil_v5\ARM\ARMCC\Bin\..\lib\armlib\m_ps.l(pow.o)(i.pow) refers to E:\softs\Keil_v5\ARM\ARMCC\Bin\..\lib\armlib\mf_p.l(dadd.o)(.text) for __aeabi_dsub
    E:\softs\Keil_v5\ARM\ARMCC\Bin\..\lib\armlib\m_ps.l(pow.o)(i.pow) refers to E:\softs\Keil_v5\ARM\ARMCC\Bin\..\lib\armlib\mf_p.l(dscalb.o)(.text) for __ARM_scalbn
    E:\softs\Keil_v5\ARM\ARMCC\Bin\..\lib\armlib\m_ps.l(pow.o)(i.pow) refers to E:\softs\Keil_v5\ARM\ARMCC\Bin\..\lib\armlib\m_ps.l(qnan.o)(.constdata) for __mathlib_zero
    E:\softs\Keil_v5\ARM\ARMCC\Bin\..\lib\armlib\m_ps.l(pow.o)(i.pow) refers to E:\softs\Keil_v5\ARM\ARMCC\Bin\..\lib\armlib\m_ps.l(poly.o)(i.__kernel_poly) for __kernel_poly
    E:\softs\Keil_v5\ARM\ARMCC\Bin\..\lib\armlib\m_ps.l(pow.o)(i.pow) refers to E:\softs\Keil_v5\ARM\ARMCC\Bin\..\lib\armlib\mf_p.l(cdrcmple.o)(.text) for __aeabi_cdrcmple
    E:\softs\Keil_v5\ARM\ARMCC\Bin\..\lib\armlib\m_ps.l(pow.o)(i.pow) refers to E:\softs\Keil_v5\ARM\ARMCC\Bin\..\lib\armlib\m_ps.l(pow.o)(.constdata) for .constdata
    E:\softs\Keil_v5\ARM\ARMCC\Bin\..\lib\armlib\m_ps.l(pow.o)(i.pow) refers to E:\softs\Keil_v5\ARM\ARMCC\Bin\..\lib\armlib\m_ps.l(fpclassify.o)(i.__ARM_fpclassify) for __ARM_fpclassify
    E:\softs\Keil_v5\ARM\ARMCC\Bin\..\lib\armlib\m_ps.l(pow.o)(.constdata) refers (Special) to E:\softs\Keil_v5\ARM\ARMCC\Bin\..\lib\armlib\mc_p.l(iusefp.o)(.text) for __I$use$fp
    E:\softs\Keil_v5\ARM\ARMCC\Bin\..\lib\armlib\m_ps.l(pow_x.o)(i.____softfp_pow$lsc) refers (Special) to E:\softs\Keil_v5\ARM\ARMCC\Bin\..\lib\armlib\mc_p.l(iusefp.o)(.text) for __I$use$fp
    E:\softs\Keil_v5\ARM\ARMCC\Bin\..\lib\armlib\m_ps.l(pow_x.o)(i.____softfp_pow$lsc) refers to E:\softs\Keil_v5\ARM\ARMCC\Bin\..\lib\armlib\m_ps.l(pow_x.o)(i.__pow$lsc) for __pow$lsc
    E:\softs\Keil_v5\ARM\ARMCC\Bin\..\lib\armlib\m_ps.l(pow_x.o)(i.__pow$lsc) refers (Special) to E:\softs\Keil_v5\ARM\ARMCC\Bin\..\lib\armlib\mc_p.l(iusefp.o)(.text) for __I$use$fp
    E:\softs\Keil_v5\ARM\ARMCC\Bin\..\lib\armlib\m_ps.l(pow_x.o)(i.__pow$lsc) refers to E:\softs\Keil_v5\ARM\ARMCC\Bin\..\lib\armlib\m_ps.l(dunder.o)(i.__mathlib_dbl_infnan2) for __mathlib_dbl_infnan2
    E:\softs\Keil_v5\ARM\ARMCC\Bin\..\lib\armlib\m_ps.l(pow_x.o)(i.__pow$lsc) refers to E:\softs\Keil_v5\ARM\ARMCC\Bin\..\lib\armlib\mc_p.l(errno.o)(i.__set_errno) for __set_errno
    E:\softs\Keil_v5\ARM\ARMCC\Bin\..\lib\armlib\m_ps.l(pow_x.o)(i.__pow$lsc) refers to E:\softs\Keil_v5\ARM\ARMCC\Bin\..\lib\armlib\mf_p.l(ddiv.o)(.text) for __aeabi_ddiv
    E:\softs\Keil_v5\ARM\ARMCC\Bin\..\lib\armlib\m_ps.l(pow_x.o)(i.__pow$lsc) refers to E:\softs\Keil_v5\ARM\ARMCC\Bin\..\lib\armlib\m_ps.l(sqrt.o)(i.sqrt) for sqrt
    E:\softs\Keil_v5\ARM\ARMCC\Bin\..\lib\armlib\m_ps.l(pow_x.o)(i.__pow$lsc) refers to E:\softs\Keil_v5\ARM\ARMCC\Bin\..\lib\armlib\mf_p.l(dflti.o)(.text) for __aeabi_i2d
    E:\softs\Keil_v5\ARM\ARMCC\Bin\..\lib\armlib\m_ps.l(pow_x.o)(i.__pow$lsc) refers to E:\softs\Keil_v5\ARM\ARMCC\Bin\..\lib\armlib\mf_p.l(dmul.o)(.text) for __aeabi_dmul
    E:\softs\Keil_v5\ARM\ARMCC\Bin\..\lib\armlib\m_ps.l(pow_x.o)(i.__pow$lsc) refers to E:\softs\Keil_v5\ARM\ARMCC\Bin\..\lib\armlib\mf_p.l(dadd.o)(.text) for __aeabi_dsub
    E:\softs\Keil_v5\ARM\ARMCC\Bin\..\lib\armlib\m_ps.l(pow_x.o)(i.__pow$lsc) refers to E:\softs\Keil_v5\ARM\ARMCC\Bin\..\lib\armlib\mf_p.l(dscalb.o)(.text) for __ARM_scalbn
    E:\softs\Keil_v5\ARM\ARMCC\Bin\..\lib\armlib\m_ps.l(pow_x.o)(i.__pow$lsc) refers to E:\softs\Keil_v5\ARM\ARMCC\Bin\..\lib\armlib\m_ps.l(qnan.o)(.constdata) for __mathlib_zero
    E:\softs\Keil_v5\ARM\ARMCC\Bin\..\lib\armlib\m_ps.l(pow_x.o)(i.__pow$lsc) refers to E:\softs\Keil_v5\ARM\ARMCC\Bin\..\lib\armlib\m_ps.l(poly.o)(i.__kernel_poly) for __kernel_poly
    E:\softs\Keil_v5\ARM\ARMCC\Bin\..\lib\armlib\m_ps.l(pow_x.o)(i.__pow$lsc) refers to E:\softs\Keil_v5\ARM\ARMCC\Bin\..\lib\armlib\mf_p.l(cdrcmple.o)(.text) for __aeabi_cdrcmple
    E:\softs\Keil_v5\ARM\ARMCC\Bin\..\lib\armlib\m_ps.l(pow_x.o)(i.__pow$lsc) refers to E:\softs\Keil_v5\ARM\ARMCC\Bin\..\lib\armlib\m_ps.l(pow_x.o)(.constdata) for .constdata
    E:\softs\Keil_v5\ARM\ARMCC\Bin\..\lib\armlib\m_ps.l(pow_x.o)(.constdata) refers (Special) to E:\softs\Keil_v5\ARM\ARMCC\Bin\..\lib\armlib\mc_p.l(iusefp.o)(.text) for __I$use$fp
    E:\softs\Keil_v5\ARM\ARMCC\Bin\..\lib\armlib\m_ps.l(sqrt.o)(i.__softfp_sqrt) refers (Special) to E:\softs\Keil_v5\ARM\ARMCC\Bin\..\lib\armlib\mc_p.l(iusefp.o)(.text) for __I$use$fp
    E:\softs\Keil_v5\ARM\ARMCC\Bin\..\lib\armlib\m_ps.l(sqrt.o)(i.__softfp_sqrt) refers to E:\softs\Keil_v5\ARM\ARMCC\Bin\..\lib\armlib\mf_p.l(dsqrt.o)(.text) for _dsqrt
    E:\softs\Keil_v5\ARM\ARMCC\Bin\..\lib\armlib\m_ps.l(sqrt.o)(i.__softfp_sqrt) refers to E:\softs\Keil_v5\ARM\ARMCC\Bin\..\lib\armlib\mc_p.l(errno.o)(i.__set_errno) for __set_errno
    E:\softs\Keil_v5\ARM\ARMCC\Bin\..\lib\armlib\m_ps.l(sqrt.o)(i.sqrt) refers (Special) to E:\softs\Keil_v5\ARM\ARMCC\Bin\..\lib\armlib\mc_p.l(iusefp.o)(.text) for __I$use$fp
    E:\softs\Keil_v5\ARM\ARMCC\Bin\..\lib\armlib\m_ps.l(sqrt.o)(i.sqrt) refers to E:\softs\Keil_v5\ARM\ARMCC\Bin\..\lib\armlib\mf_p.l(dsqrt.o)(.text) for _dsqrt
    E:\softs\Keil_v5\ARM\ARMCC\Bin\..\lib\armlib\m_ps.l(sqrt.o)(i.sqrt) refers to E:\softs\Keil_v5\ARM\ARMCC\Bin\..\lib\armlib\mc_p.l(errno.o)(i.__set_errno) for __set_errno
    E:\softs\Keil_v5\ARM\ARMCC\Bin\..\lib\armlib\m_ps.l(sqrt_x.o)(i.____softfp_sqrt$lsc) refers (Special) to E:\softs\Keil_v5\ARM\ARMCC\Bin\..\lib\armlib\mc_p.l(iusefp.o)(.text) for __I$use$fp
    E:\softs\Keil_v5\ARM\ARMCC\Bin\..\lib\armlib\m_ps.l(sqrt_x.o)(i.____softfp_sqrt$lsc) refers to E:\softs\Keil_v5\ARM\ARMCC\Bin\..\lib\armlib\mf_p.l(cdcmple.o)(.text) for __aeabi_cdcmple
    E:\softs\Keil_v5\ARM\ARMCC\Bin\..\lib\armlib\m_ps.l(sqrt_x.o)(i.____softfp_sqrt$lsc) refers to E:\softs\Keil_v5\ARM\ARMCC\Bin\..\lib\armlib\mc_p.l(errno.o)(i.__set_errno) for __set_errno
    E:\softs\Keil_v5\ARM\ARMCC\Bin\..\lib\armlib\m_ps.l(sqrt_x.o)(i.____softfp_sqrt$lsc) refers to E:\softs\Keil_v5\ARM\ARMCC\Bin\..\lib\armlib\mf_p.l(dsqrt.o)(.text) for _dsqrt
    E:\softs\Keil_v5\ARM\ARMCC\Bin\..\lib\armlib\m_ps.l(sqrt_x.o)(i.__sqrt$lsc) refers (Special) to E:\softs\Keil_v5\ARM\ARMCC\Bin\..\lib\armlib\mc_p.l(iusefp.o)(.text) for __I$use$fp
    E:\softs\Keil_v5\ARM\ARMCC\Bin\..\lib\armlib\m_ps.l(sqrt_x.o)(i.__sqrt$lsc) refers to E:\softs\Keil_v5\ARM\ARMCC\Bin\..\lib\armlib\mf_p.l(cdcmple.o)(.text) for __aeabi_cdcmple
    E:\softs\Keil_v5\ARM\ARMCC\Bin\..\lib\armlib\m_ps.l(sqrt_x.o)(i.__sqrt$lsc) refers to E:\softs\Keil_v5\ARM\ARMCC\Bin\..\lib\armlib\mc_p.l(errno.o)(i.__set_errno) for __set_errno
    E:\softs\Keil_v5\ARM\ARMCC\Bin\..\lib\armlib\m_ps.l(sqrt_x.o)(i.__sqrt$lsc) refers to E:\softs\Keil_v5\ARM\ARMCC\Bin\..\lib\armlib\mf_p.l(dsqrt.o)(.text) for _dsqrt
    E:\softs\Keil_v5\ARM\ARMCC\Bin\..\lib\armlib\mc_p.l(entry.o)(.ARM.Collect$$$$00000000) refers (Special) to E:\softs\Keil_v5\ARM\ARMCC\Bin\..\lib\armlib\mc_p.l(entry10a.o)(.ARM.Collect$$$$0000000D) for __rt_final_cpp
    E:\softs\Keil_v5\ARM\ARMCC\Bin\..\lib\armlib\mc_p.l(entry.o)(.ARM.Collect$$$$00000000) refers (Special) to E:\softs\Keil_v5\ARM\ARMCC\Bin\..\lib\armlib\mc_p.l(entry11a.o)(.ARM.Collect$$$$0000000F) for __rt_final_exit
    E:\softs\Keil_v5\ARM\ARMCC\Bin\..\lib\armlib\mc_p.l(entry.o)(.ARM.Collect$$$$00000000) refers (Special) to E:\softs\Keil_v5\ARM\ARMCC\Bin\..\lib\armlib\mc_p.l(entry7b.o)(.ARM.Collect$$$$00000008) for _main_clock
    E:\softs\Keil_v5\ARM\ARMCC\Bin\..\lib\armlib\mc_p.l(entry.o)(.ARM.Collect$$$$00000000) refers (Special) to E:\softs\Keil_v5\ARM\ARMCC\Bin\..\lib\armlib\mc_p.l(entry8b.o)(.ARM.Collect$$$$0000000A) for _main_cpp_init
    E:\softs\Keil_v5\ARM\ARMCC\Bin\..\lib\armlib\mc_p.l(entry.o)(.ARM.Collect$$$$00000000) refers (Special) to E:\softs\Keil_v5\ARM\ARMCC\Bin\..\lib\armlib\mc_p.l(entry9a.o)(.ARM.Collect$$$$0000000B) for _main_init
    E:\softs\Keil_v5\ARM\ARMCC\Bin\..\lib\armlib\mc_p.l(entry.o)(.ARM.Collect$$$$00000000) refers (Special) to E:\softs\Keil_v5\ARM\ARMCC\Bin\..\lib\armlib\mc_p.l(entry5.o)(.ARM.Collect$$$$00000004) for _main_scatterload
    E:\softs\Keil_v5\ARM\ARMCC\Bin\..\lib\armlib\mc_p.l(entry.o)(.ARM.Collect$$$$00000000) refers (Special) to E:\softs\Keil_v5\ARM\ARMCC\Bin\..\lib\armlib\mc_p.l(entry2.o)(.ARM.Collect$$$$00000001) for _main_stk
    E:\softs\Keil_v5\ARM\ARMCC\Bin\..\lib\armlib\mc_p.l(printfb.o)(i.__0fprintf$bare) refers to E:\softs\Keil_v5\ARM\ARMCC\Bin\..\lib\armlib\mc_p.l(printfb.o)(i._printf_core) for _printf_core
    E:\softs\Keil_v5\ARM\ARMCC\Bin\..\lib\armlib\mc_p.l(printfb.o)(i.__0fprintf$bare) refers to .\_build\retarget.o(i.fputc) for fputc
    E:\softs\Keil_v5\ARM\ARMCC\Bin\..\lib\armlib\mc_p.l(printfb.o)(i.__0printf$bare) refers to E:\softs\Keil_v5\ARM\ARMCC\Bin\..\lib\armlib\mc_p.l(printfb.o)(i._printf_core) for _printf_core
    E:\softs\Keil_v5\ARM\ARMCC\Bin\..\lib\armlib\mc_p.l(printfb.o)(i.__0printf$bare) refers to .\_build\retarget.o(i.fputc) for fputc
    E:\softs\Keil_v5\ARM\ARMCC\Bin\..\lib\armlib\mc_p.l(printfb.o)(i.__0printf$bare) refers to .\_build\retarget.o(.data) for __stdout
    E:\softs\Keil_v5\ARM\ARMCC\Bin\..\lib\armlib\mc_p.l(printfb.o)(i.__0snprintf$bare) refers to E:\softs\Keil_v5\ARM\ARMCC\Bin\..\lib\armlib\mc_p.l(printfb.o)(i._printf_core) for _printf_core
    E:\softs\Keil_v5\ARM\ARMCC\Bin\..\lib\armlib\mc_p.l(printfb.o)(i.__0snprintf$bare) refers to E:\softs\Keil_v5\ARM\ARMCC\Bin\..\lib\armlib\mc_p.l(printfb.o)(i._snputc) for _snputc
    E:\softs\Keil_v5\ARM\ARMCC\Bin\..\lib\armlib\mc_p.l(printfb.o)(i.__0sprintf$bare) refers to E:\softs\Keil_v5\ARM\ARMCC\Bin\..\lib\armlib\mc_p.l(printfb.o)(i._printf_core) for _printf_core
    E:\softs\Keil_v5\ARM\ARMCC\Bin\..\lib\armlib\mc_p.l(printfb.o)(i.__0sprintf$bare) refers to E:\softs\Keil_v5\ARM\ARMCC\Bin\..\lib\armlib\mc_p.l(printfb.o)(i._sputc) for _sputc
    E:\softs\Keil_v5\ARM\ARMCC\Bin\..\lib\armlib\mc_p.l(printfb.o)(i.__0vfprintf$bare) refers to E:\softs\Keil_v5\ARM\ARMCC\Bin\..\lib\armlib\mc_p.l(printfb.o)(i._printf_core) for _printf_core
    E:\softs\Keil_v5\ARM\ARMCC\Bin\..\lib\armlib\mc_p.l(printfb.o)(i.__0vfprintf$bare) refers to .\_build\retarget.o(i.fputc) for fputc
    E:\softs\Keil_v5\ARM\ARMCC\Bin\..\lib\armlib\mc_p.l(printfb.o)(i.__0vprintf$bare) refers to E:\softs\Keil_v5\ARM\ARMCC\Bin\..\lib\armlib\mc_p.l(printfb.o)(i._printf_core) for _printf_core
    E:\softs\Keil_v5\ARM\ARMCC\Bin\..\lib\armlib\mc_p.l(printfb.o)(i.__0vprintf$bare) refers to .\_build\retarget.o(i.fputc) for fputc
    E:\softs\Keil_v5\ARM\ARMCC\Bin\..\lib\armlib\mc_p.l(printfb.o)(i.__0vprintf$bare) refers to .\_build\retarget.o(.data) for __stdout
    E:\softs\Keil_v5\ARM\ARMCC\Bin\..\lib\armlib\mc_p.l(printfb.o)(i.__0vsnprintf$bare) refers to E:\softs\Keil_v5\ARM\ARMCC\Bin\..\lib\armlib\mc_p.l(printfb.o)(i._printf_core) for _printf_core
    E:\softs\Keil_v5\ARM\ARMCC\Bin\..\lib\armlib\mc_p.l(printfb.o)(i.__0vsnprintf$bare) refers to E:\softs\Keil_v5\ARM\ARMCC\Bin\..\lib\armlib\mc_p.l(printfb.o)(i._snputc) for _snputc
    E:\softs\Keil_v5\ARM\ARMCC\Bin\..\lib\armlib\mc_p.l(printfb.o)(i.__0vsprintf$bare) refers to E:\softs\Keil_v5\ARM\ARMCC\Bin\..\lib\armlib\mc_p.l(printfb.o)(i._printf_core) for _printf_core
    E:\softs\Keil_v5\ARM\ARMCC\Bin\..\lib\armlib\mc_p.l(printfb.o)(i.__0vsprintf$bare) refers to E:\softs\Keil_v5\ARM\ARMCC\Bin\..\lib\armlib\mc_p.l(printfb.o)(i._sputc) for _sputc
    E:\softs\Keil_v5\ARM\ARMCC\Bin\..\lib\armlib\mc_p.l(printf0.o)(i.__0fprintf$0) refers to E:\softs\Keil_v5\ARM\ARMCC\Bin\..\lib\armlib\mc_p.l(printf0.o)(i._printf_core) for _printf_core
    E:\softs\Keil_v5\ARM\ARMCC\Bin\..\lib\armlib\mc_p.l(printf0.o)(i.__0fprintf$0) refers to .\_build\retarget.o(i.fputc) for fputc
    E:\softs\Keil_v5\ARM\ARMCC\Bin\..\lib\armlib\mc_p.l(printf0.o)(i.__0printf$0) refers to E:\softs\Keil_v5\ARM\ARMCC\Bin\..\lib\armlib\mc_p.l(printf0.o)(i._printf_core) for _printf_core
    E:\softs\Keil_v5\ARM\ARMCC\Bin\..\lib\armlib\mc_p.l(printf0.o)(i.__0printf$0) refers to .\_build\retarget.o(i.fputc) for fputc
    E:\softs\Keil_v5\ARM\ARMCC\Bin\..\lib\armlib\mc_p.l(printf0.o)(i.__0printf$0) refers to .\_build\retarget.o(.data) for __stdout
    E:\softs\Keil_v5\ARM\ARMCC\Bin\..\lib\armlib\mc_p.l(printf0.o)(i.__0snprintf$0) refers to E:\softs\Keil_v5\ARM\ARMCC\Bin\..\lib\armlib\mc_p.l(printf0.o)(i._printf_core) for _printf_core
    E:\softs\Keil_v5\ARM\ARMCC\Bin\..\lib\armlib\mc_p.l(printf0.o)(i.__0snprintf$0) refers to E:\softs\Keil_v5\ARM\ARMCC\Bin\..\lib\armlib\mc_p.l(printf0.o)(i._snputc) for _snputc
    E:\softs\Keil_v5\ARM\ARMCC\Bin\..\lib\armlib\mc_p.l(printf0.o)(i.__0sprintf$0) refers to E:\softs\Keil_v5\ARM\ARMCC\Bin\..\lib\armlib\mc_p.l(printf0.o)(i._printf_core) for _printf_core
    E:\softs\Keil_v5\ARM\ARMCC\Bin\..\lib\armlib\mc_p.l(printf0.o)(i.__0sprintf$0) refers to E:\softs\Keil_v5\ARM\ARMCC\Bin\..\lib\armlib\mc_p.l(printf0.o)(i._sputc) for _sputc
    E:\softs\Keil_v5\ARM\ARMCC\Bin\..\lib\armlib\mc_p.l(printf0.o)(i.__0vfprintf$0) refers to E:\softs\Keil_v5\ARM\ARMCC\Bin\..\lib\armlib\mc_p.l(printf0.o)(i._printf_core) for _printf_core
    E:\softs\Keil_v5\ARM\ARMCC\Bin\..\lib\armlib\mc_p.l(printf0.o)(i.__0vfprintf$0) refers to .\_build\retarget.o(i.fputc) for fputc
    E:\softs\Keil_v5\ARM\ARMCC\Bin\..\lib\armlib\mc_p.l(printf0.o)(i.__0vprintf$0) refers to E:\softs\Keil_v5\ARM\ARMCC\Bin\..\lib\armlib\mc_p.l(printf0.o)(i._printf_core) for _printf_core
    E:\softs\Keil_v5\ARM\ARMCC\Bin\..\lib\armlib\mc_p.l(printf0.o)(i.__0vprintf$0) refers to .\_build\retarget.o(i.fputc) for fputc
    E:\softs\Keil_v5\ARM\ARMCC\Bin\..\lib\armlib\mc_p.l(printf0.o)(i.__0vprintf$0) refers to .\_build\retarget.o(.data) for __stdout
    E:\softs\Keil_v5\ARM\ARMCC\Bin\..\lib\armlib\mc_p.l(printf0.o)(i.__0vsnprintf$0) refers to E:\softs\Keil_v5\ARM\ARMCC\Bin\..\lib\armlib\mc_p.l(printf0.o)(i._printf_core) for _printf_core
    E:\softs\Keil_v5\ARM\ARMCC\Bin\..\lib\armlib\mc_p.l(printf0.o)(i.__0vsnprintf$0) refers to E:\softs\Keil_v5\ARM\ARMCC\Bin\..\lib\armlib\mc_p.l(printf0.o)(i._snputc) for _snputc
    E:\softs\Keil_v5\ARM\ARMCC\Bin\..\lib\armlib\mc_p.l(printf0.o)(i.__0vsprintf$0) refers to E:\softs\Keil_v5\ARM\ARMCC\Bin\..\lib\armlib\mc_p.l(printf0.o)(i._printf_core) for _printf_core
    E:\softs\Keil_v5\ARM\ARMCC\Bin\..\lib\armlib\mc_p.l(printf0.o)(i.__0vsprintf$0) refers to E:\softs\Keil_v5\ARM\ARMCC\Bin\..\lib\armlib\mc_p.l(printf0.o)(i._sputc) for _sputc
    E:\softs\Keil_v5\ARM\ARMCC\Bin\..\lib\armlib\mc_p.l(printf1.o)(i.__0fprintf$1) refers to E:\softs\Keil_v5\ARM\ARMCC\Bin\..\lib\armlib\mc_p.l(printf1.o)(i._printf_core) for _printf_core
    E:\softs\Keil_v5\ARM\ARMCC\Bin\..\lib\armlib\mc_p.l(printf1.o)(i.__0fprintf$1) refers to .\_build\retarget.o(i.fputc) for fputc
    E:\softs\Keil_v5\ARM\ARMCC\Bin\..\lib\armlib\mc_p.l(printf1.o)(i.__0printf$1) refers to E:\softs\Keil_v5\ARM\ARMCC\Bin\..\lib\armlib\mc_p.l(printf1.o)(i._printf_core) for _printf_core
    E:\softs\Keil_v5\ARM\ARMCC\Bin\..\lib\armlib\mc_p.l(printf1.o)(i.__0printf$1) refers to .\_build\retarget.o(i.fputc) for fputc
    E:\softs\Keil_v5\ARM\ARMCC\Bin\..\lib\armlib\mc_p.l(printf1.o)(i.__0printf$1) refers to .\_build\retarget.o(.data) for __stdout
    E:\softs\Keil_v5\ARM\ARMCC\Bin\..\lib\armlib\mc_p.l(printf1.o)(i.__0snprintf$1) refers to E:\softs\Keil_v5\ARM\ARMCC\Bin\..\lib\armlib\mc_p.l(printf1.o)(i._printf_core) for _printf_core
    E:\softs\Keil_v5\ARM\ARMCC\Bin\..\lib\armlib\mc_p.l(printf1.o)(i.__0snprintf$1) refers to E:\softs\Keil_v5\ARM\ARMCC\Bin\..\lib\armlib\mc_p.l(printf1.o)(i._snputc) for _snputc
    E:\softs\Keil_v5\ARM\ARMCC\Bin\..\lib\armlib\mc_p.l(printf1.o)(i.__0sprintf$1) refers to E:\softs\Keil_v5\ARM\ARMCC\Bin\..\lib\armlib\mc_p.l(printf1.o)(i._printf_core) for _printf_core
    E:\softs\Keil_v5\ARM\ARMCC\Bin\..\lib\armlib\mc_p.l(printf1.o)(i.__0sprintf$1) refers to E:\softs\Keil_v5\ARM\ARMCC\Bin\..\lib\armlib\mc_p.l(printf1.o)(i._sputc) for _sputc
    E:\softs\Keil_v5\ARM\ARMCC\Bin\..\lib\armlib\mc_p.l(printf1.o)(i.__0vfprintf$1) refers to E:\softs\Keil_v5\ARM\ARMCC\Bin\..\lib\armlib\mc_p.l(printf1.o)(i._printf_core) for _printf_core
    E:\softs\Keil_v5\ARM\ARMCC\Bin\..\lib\armlib\mc_p.l(printf1.o)(i.__0vfprintf$1) refers to .\_build\retarget.o(i.fputc) for fputc
    E:\softs\Keil_v5\ARM\ARMCC\Bin\..\lib\armlib\mc_p.l(printf1.o)(i.__0vprintf$1) refers to E:\softs\Keil_v5\ARM\ARMCC\Bin\..\lib\armlib\mc_p.l(printf1.o)(i._printf_core) for _printf_core
    E:\softs\Keil_v5\ARM\ARMCC\Bin\..\lib\armlib\mc_p.l(printf1.o)(i.__0vprintf$1) refers to .\_build\retarget.o(i.fputc) for fputc
    E:\softs\Keil_v5\ARM\ARMCC\Bin\..\lib\armlib\mc_p.l(printf1.o)(i.__0vprintf$1) refers to .\_build\retarget.o(.data) for __stdout
    E:\softs\Keil_v5\ARM\ARMCC\Bin\..\lib\armlib\mc_p.l(printf1.o)(i.__0vsnprintf$1) refers to E:\softs\Keil_v5\ARM\ARMCC\Bin\..\lib\armlib\mc_p.l(printf1.o)(i._printf_core) for _printf_core
    E:\softs\Keil_v5\ARM\ARMCC\Bin\..\lib\armlib\mc_p.l(printf1.o)(i.__0vsnprintf$1) refers to E:\softs\Keil_v5\ARM\ARMCC\Bin\..\lib\armlib\mc_p.l(printf1.o)(i._snputc) for _snputc
    E:\softs\Keil_v5\ARM\ARMCC\Bin\..\lib\armlib\mc_p.l(printf1.o)(i.__0vsprintf$1) refers to E:\softs\Keil_v5\ARM\ARMCC\Bin\..\lib\armlib\mc_p.l(printf1.o)(i._printf_core) for _printf_core
    E:\softs\Keil_v5\ARM\ARMCC\Bin\..\lib\armlib\mc_p.l(printf1.o)(i.__0vsprintf$1) refers to E:\softs\Keil_v5\ARM\ARMCC\Bin\..\lib\armlib\mc_p.l(printf1.o)(i._sputc) for _sputc
    E:\softs\Keil_v5\ARM\ARMCC\Bin\..\lib\armlib\mc_p.l(printf1.o)(i._printf_core) refers to E:\softs\Keil_v5\ARM\ARMCC\Bin\..\lib\armlib\mc_p.l(uidiv.o)(.text) for __aeabi_uidivmod
    E:\softs\Keil_v5\ARM\ARMCC\Bin\..\lib\armlib\mc_p.l(printf2.o)(i.__0fprintf$2) refers to E:\softs\Keil_v5\ARM\ARMCC\Bin\..\lib\armlib\mc_p.l(printf2.o)(i._printf_core) for _printf_core
    E:\softs\Keil_v5\ARM\ARMCC\Bin\..\lib\armlib\mc_p.l(printf2.o)(i.__0fprintf$2) refers to .\_build\retarget.o(i.fputc) for fputc
    E:\softs\Keil_v5\ARM\ARMCC\Bin\..\lib\armlib\mc_p.l(printf2.o)(i.__0printf$2) refers to E:\softs\Keil_v5\ARM\ARMCC\Bin\..\lib\armlib\mc_p.l(printf2.o)(i._printf_core) for _printf_core
    E:\softs\Keil_v5\ARM\ARMCC\Bin\..\lib\armlib\mc_p.l(printf2.o)(i.__0printf$2) refers to .\_build\retarget.o(i.fputc) for fputc
    E:\softs\Keil_v5\ARM\ARMCC\Bin\..\lib\armlib\mc_p.l(printf2.o)(i.__0printf$2) refers to .\_build\retarget.o(.data) for __stdout
    E:\softs\Keil_v5\ARM\ARMCC\Bin\..\lib\armlib\mc_p.l(printf2.o)(i.__0snprintf$2) refers to E:\softs\Keil_v5\ARM\ARMCC\Bin\..\lib\armlib\mc_p.l(printf2.o)(i._printf_core) for _printf_core
    E:\softs\Keil_v5\ARM\ARMCC\Bin\..\lib\armlib\mc_p.l(printf2.o)(i.__0snprintf$2) refers to E:\softs\Keil_v5\ARM\ARMCC\Bin\..\lib\armlib\mc_p.l(printf2.o)(i._snputc) for _snputc
    E:\softs\Keil_v5\ARM\ARMCC\Bin\..\lib\armlib\mc_p.l(printf2.o)(i.__0sprintf$2) refers to E:\softs\Keil_v5\ARM\ARMCC\Bin\..\lib\armlib\mc_p.l(printf2.o)(i._printf_core) for _printf_core
    E:\softs\Keil_v5\ARM\ARMCC\Bin\..\lib\armlib\mc_p.l(printf2.o)(i.__0sprintf$2) refers to E:\softs\Keil_v5\ARM\ARMCC\Bin\..\lib\armlib\mc_p.l(printf2.o)(i._sputc) for _sputc
    E:\softs\Keil_v5\ARM\ARMCC\Bin\..\lib\armlib\mc_p.l(printf2.o)(i.__0vfprintf$2) refers to E:\softs\Keil_v5\ARM\ARMCC\Bin\..\lib\armlib\mc_p.l(printf2.o)(i._printf_core) for _printf_core
    E:\softs\Keil_v5\ARM\ARMCC\Bin\..\lib\armlib\mc_p.l(printf2.o)(i.__0vfprintf$2) refers to .\_build\retarget.o(i.fputc) for fputc
    E:\softs\Keil_v5\ARM\ARMCC\Bin\..\lib\armlib\mc_p.l(printf2.o)(i.__0vprintf$2) refers to E:\softs\Keil_v5\ARM\ARMCC\Bin\..\lib\armlib\mc_p.l(printf2.o)(i._printf_core) for _printf_core
    E:\softs\Keil_v5\ARM\ARMCC\Bin\..\lib\armlib\mc_p.l(printf2.o)(i.__0vprintf$2) refers to .\_build\retarget.o(i.fputc) for fputc
    E:\softs\Keil_v5\ARM\ARMCC\Bin\..\lib\armlib\mc_p.l(printf2.o)(i.__0vprintf$2) refers to .\_build\retarget.o(.data) for __stdout
    E:\softs\Keil_v5\ARM\ARMCC\Bin\..\lib\armlib\mc_p.l(printf2.o)(i.__0vsnprintf$2) refers to E:\softs\Keil_v5\ARM\ARMCC\Bin\..\lib\armlib\mc_p.l(printf2.o)(i._printf_core) for _printf_core
    E:\softs\Keil_v5\ARM\ARMCC\Bin\..\lib\armlib\mc_p.l(printf2.o)(i.__0vsnprintf$2) refers to E:\softs\Keil_v5\ARM\ARMCC\Bin\..\lib\armlib\mc_p.l(printf2.o)(i._snputc) for _snputc
    E:\softs\Keil_v5\ARM\ARMCC\Bin\..\lib\armlib\mc_p.l(printf2.o)(i.__0vsprintf$2) refers to E:\softs\Keil_v5\ARM\ARMCC\Bin\..\lib\armlib\mc_p.l(printf2.o)(i._printf_core) for _printf_core
    E:\softs\Keil_v5\ARM\ARMCC\Bin\..\lib\armlib\mc_p.l(printf2.o)(i.__0vsprintf$2) refers to E:\softs\Keil_v5\ARM\ARMCC\Bin\..\lib\armlib\mc_p.l(printf2.o)(i._sputc) for _sputc
    E:\softs\Keil_v5\ARM\ARMCC\Bin\..\lib\armlib\mc_p.l(printf3.o)(i.__0fprintf$3) refers to E:\softs\Keil_v5\ARM\ARMCC\Bin\..\lib\armlib\mc_p.l(printf3.o)(i._printf_core) for _printf_core
    E:\softs\Keil_v5\ARM\ARMCC\Bin\..\lib\armlib\mc_p.l(printf3.o)(i.__0fprintf$3) refers to .\_build\retarget.o(i.fputc) for fputc
    E:\softs\Keil_v5\ARM\ARMCC\Bin\..\lib\armlib\mc_p.l(printf3.o)(i.__0printf$3) refers to E:\softs\Keil_v5\ARM\ARMCC\Bin\..\lib\armlib\mc_p.l(printf3.o)(i._printf_core) for _printf_core
    E:\softs\Keil_v5\ARM\ARMCC\Bin\..\lib\armlib\mc_p.l(printf3.o)(i.__0printf$3) refers to .\_build\retarget.o(i.fputc) for fputc
    E:\softs\Keil_v5\ARM\ARMCC\Bin\..\lib\armlib\mc_p.l(printf3.o)(i.__0printf$3) refers to .\_build\retarget.o(.data) for __stdout
    E:\softs\Keil_v5\ARM\ARMCC\Bin\..\lib\armlib\mc_p.l(printf3.o)(i.__0snprintf$3) refers to E:\softs\Keil_v5\ARM\ARMCC\Bin\..\lib\armlib\mc_p.l(printf3.o)(i._printf_core) for _printf_core
    E:\softs\Keil_v5\ARM\ARMCC\Bin\..\lib\armlib\mc_p.l(printf3.o)(i.__0snprintf$3) refers to E:\softs\Keil_v5\ARM\ARMCC\Bin\..\lib\armlib\mc_p.l(printf3.o)(i._snputc) for _snputc
    E:\softs\Keil_v5\ARM\ARMCC\Bin\..\lib\armlib\mc_p.l(printf3.o)(i.__0sprintf$3) refers to E:\softs\Keil_v5\ARM\ARMCC\Bin\..\lib\armlib\mc_p.l(printf3.o)(i._printf_core) for _printf_core
    E:\softs\Keil_v5\ARM\ARMCC\Bin\..\lib\armlib\mc_p.l(printf3.o)(i.__0sprintf$3) refers to E:\softs\Keil_v5\ARM\ARMCC\Bin\..\lib\armlib\mc_p.l(printf3.o)(i._sputc) for _sputc
    E:\softs\Keil_v5\ARM\ARMCC\Bin\..\lib\armlib\mc_p.l(printf3.o)(i.__0vfprintf$3) refers to E:\softs\Keil_v5\ARM\ARMCC\Bin\..\lib\armlib\mc_p.l(printf3.o)(i._printf_core) for _printf_core
    E:\softs\Keil_v5\ARM\ARMCC\Bin\..\lib\armlib\mc_p.l(printf3.o)(i.__0vfprintf$3) refers to .\_build\retarget.o(i.fputc) for fputc
    E:\softs\Keil_v5\ARM\ARMCC\Bin\..\lib\armlib\mc_p.l(printf3.o)(i.__0vprintf$3) refers to E:\softs\Keil_v5\ARM\ARMCC\Bin\..\lib\armlib\mc_p.l(printf3.o)(i._printf_core) for _printf_core
    E:\softs\Keil_v5\ARM\ARMCC\Bin\..\lib\armlib\mc_p.l(printf3.o)(i.__0vprintf$3) refers to .\_build\retarget.o(i.fputc) for fputc
    E:\softs\Keil_v5\ARM\ARMCC\Bin\..\lib\armlib\mc_p.l(printf3.o)(i.__0vprintf$3) refers to .\_build\retarget.o(.data) for __stdout
    E:\softs\Keil_v5\ARM\ARMCC\Bin\..\lib\armlib\mc_p.l(printf3.o)(i.__0vsnprintf$3) refers to E:\softs\Keil_v5\ARM\ARMCC\Bin\..\lib\armlib\mc_p.l(printf3.o)(i._printf_core) for _printf_core
    E:\softs\Keil_v5\ARM\ARMCC\Bin\..\lib\armlib\mc_p.l(printf3.o)(i.__0vsnprintf$3) refers to E:\softs\Keil_v5\ARM\ARMCC\Bin\..\lib\armlib\mc_p.l(printf3.o)(i._snputc) for _snputc
    E:\softs\Keil_v5\ARM\ARMCC\Bin\..\lib\armlib\mc_p.l(printf3.o)(i.__0vsprintf$3) refers to E:\softs\Keil_v5\ARM\ARMCC\Bin\..\lib\armlib\mc_p.l(printf3.o)(i._printf_core) for _printf_core
    E:\softs\Keil_v5\ARM\ARMCC\Bin\..\lib\armlib\mc_p.l(printf3.o)(i.__0vsprintf$3) refers to E:\softs\Keil_v5\ARM\ARMCC\Bin\..\lib\armlib\mc_p.l(printf3.o)(i._sputc) for _sputc
    E:\softs\Keil_v5\ARM\ARMCC\Bin\..\lib\armlib\mc_p.l(printf3.o)(i._printf_core) refers to E:\softs\Keil_v5\ARM\ARMCC\Bin\..\lib\armlib\mc_p.l(uidiv.o)(.text) for __aeabi_uidivmod
    E:\softs\Keil_v5\ARM\ARMCC\Bin\..\lib\armlib\mc_p.l(printf4.o)(i.__0fprintf$4) refers to E:\softs\Keil_v5\ARM\ARMCC\Bin\..\lib\armlib\mc_p.l(printf4.o)(i._printf_core) for _printf_core
    E:\softs\Keil_v5\ARM\ARMCC\Bin\..\lib\armlib\mc_p.l(printf4.o)(i.__0fprintf$4) refers to .\_build\retarget.o(i.fputc) for fputc
    E:\softs\Keil_v5\ARM\ARMCC\Bin\..\lib\armlib\mc_p.l(printf4.o)(i.__0printf$4) refers to E:\softs\Keil_v5\ARM\ARMCC\Bin\..\lib\armlib\mc_p.l(printf4.o)(i._printf_core) for _printf_core
    E:\softs\Keil_v5\ARM\ARMCC\Bin\..\lib\armlib\mc_p.l(printf4.o)(i.__0printf$4) refers to .\_build\retarget.o(i.fputc) for fputc
    E:\softs\Keil_v5\ARM\ARMCC\Bin\..\lib\armlib\mc_p.l(printf4.o)(i.__0printf$4) refers to .\_build\retarget.o(.data) for __stdout
    E:\softs\Keil_v5\ARM\ARMCC\Bin\..\lib\armlib\mc_p.l(printf4.o)(i.__0snprintf$4) refers to E:\softs\Keil_v5\ARM\ARMCC\Bin\..\lib\armlib\mc_p.l(printf4.o)(i._printf_core) for _printf_core
    E:\softs\Keil_v5\ARM\ARMCC\Bin\..\lib\armlib\mc_p.l(printf4.o)(i.__0snprintf$4) refers to E:\softs\Keil_v5\ARM\ARMCC\Bin\..\lib\armlib\mc_p.l(printf4.o)(i._snputc) for _snputc
    E:\softs\Keil_v5\ARM\ARMCC\Bin\..\lib\armlib\mc_p.l(printf4.o)(i.__0sprintf$4) refers to E:\softs\Keil_v5\ARM\ARMCC\Bin\..\lib\armlib\mc_p.l(printf4.o)(i._printf_core) for _printf_core
    E:\softs\Keil_v5\ARM\ARMCC\Bin\..\lib\armlib\mc_p.l(printf4.o)(i.__0sprintf$4) refers to E:\softs\Keil_v5\ARM\ARMCC\Bin\..\lib\armlib\mc_p.l(printf4.o)(i._sputc) for _sputc
    E:\softs\Keil_v5\ARM\ARMCC\Bin\..\lib\armlib\mc_p.l(printf4.o)(i.__0vfprintf$4) refers to E:\softs\Keil_v5\ARM\ARMCC\Bin\..\lib\armlib\mc_p.l(printf4.o)(i._printf_core) for _printf_core
    E:\softs\Keil_v5\ARM\ARMCC\Bin\..\lib\armlib\mc_p.l(printf4.o)(i.__0vfprintf$4) refers to .\_build\retarget.o(i.fputc) for fputc
    E:\softs\Keil_v5\ARM\ARMCC\Bin\..\lib\armlib\mc_p.l(printf4.o)(i.__0vprintf$4) refers to E:\softs\Keil_v5\ARM\ARMCC\Bin\..\lib\armlib\mc_p.l(printf4.o)(i._printf_core) for _printf_core
    E:\softs\Keil_v5\ARM\ARMCC\Bin\..\lib\armlib\mc_p.l(printf4.o)(i.__0vprintf$4) refers to .\_build\retarget.o(i.fputc) for fputc
    E:\softs\Keil_v5\ARM\ARMCC\Bin\..\lib\armlib\mc_p.l(printf4.o)(i.__0vprintf$4) refers to .\_build\retarget.o(.data) for __stdout
    E:\softs\Keil_v5\ARM\ARMCC\Bin\..\lib\armlib\mc_p.l(printf4.o)(i.__0vsnprintf$4) refers to E:\softs\Keil_v5\ARM\ARMCC\Bin\..\lib\armlib\mc_p.l(printf4.o)(i._printf_core) for _printf_core
    E:\softs\Keil_v5\ARM\ARMCC\Bin\..\lib\armlib\mc_p.l(printf4.o)(i.__0vsnprintf$4) refers to E:\softs\Keil_v5\ARM\ARMCC\Bin\..\lib\armlib\mc_p.l(printf4.o)(i._snputc) for _snputc
    E:\softs\Keil_v5\ARM\ARMCC\Bin\..\lib\armlib\mc_p.l(printf4.o)(i.__0vsprintf$4) refers to E:\softs\Keil_v5\ARM\ARMCC\Bin\..\lib\armlib\mc_p.l(printf4.o)(i._printf_core) for _printf_core
    E:\softs\Keil_v5\ARM\ARMCC\Bin\..\lib\armlib\mc_p.l(printf4.o)(i.__0vsprintf$4) refers to E:\softs\Keil_v5\ARM\ARMCC\Bin\..\lib\armlib\mc_p.l(printf4.o)(i._sputc) for _sputc
    E:\softs\Keil_v5\ARM\ARMCC\Bin\..\lib\armlib\mc_p.l(printf4.o)(i._printf_core) refers to E:\softs\Keil_v5\ARM\ARMCC\Bin\..\lib\armlib\mc_p.l(uldiv.o)(.text) for __aeabi_uldivmod
    E:\softs\Keil_v5\ARM\ARMCC\Bin\..\lib\armlib\mc_p.l(printf5.o)(i.__0fprintf$5) refers to E:\softs\Keil_v5\ARM\ARMCC\Bin\..\lib\armlib\mc_p.l(printf5.o)(i._printf_core) for _printf_core
    E:\softs\Keil_v5\ARM\ARMCC\Bin\..\lib\armlib\mc_p.l(printf5.o)(i.__0fprintf$5) refers to .\_build\retarget.o(i.fputc) for fputc
    E:\softs\Keil_v5\ARM\ARMCC\Bin\..\lib\armlib\mc_p.l(printf5.o)(i.__0printf$5) refers to E:\softs\Keil_v5\ARM\ARMCC\Bin\..\lib\armlib\mc_p.l(printf5.o)(i._printf_core) for _printf_core
    E:\softs\Keil_v5\ARM\ARMCC\Bin\..\lib\armlib\mc_p.l(printf5.o)(i.__0printf$5) refers to .\_build\retarget.o(i.fputc) for fputc
    E:\softs\Keil_v5\ARM\ARMCC\Bin\..\lib\armlib\mc_p.l(printf5.o)(i.__0printf$5) refers to .\_build\retarget.o(.data) for __stdout
    E:\softs\Keil_v5\ARM\ARMCC\Bin\..\lib\armlib\mc_p.l(printf5.o)(i.__0snprintf$5) refers to E:\softs\Keil_v5\ARM\ARMCC\Bin\..\lib\armlib\mc_p.l(printf5.o)(i._printf_core) for _printf_core
    E:\softs\Keil_v5\ARM\ARMCC\Bin\..\lib\armlib\mc_p.l(printf5.o)(i.__0snprintf$5) refers to E:\softs\Keil_v5\ARM\ARMCC\Bin\..\lib\armlib\mc_p.l(printf5.o)(i._snputc) for _snputc
    E:\softs\Keil_v5\ARM\ARMCC\Bin\..\lib\armlib\mc_p.l(printf5.o)(i.__0sprintf$5) refers to E:\softs\Keil_v5\ARM\ARMCC\Bin\..\lib\armlib\mc_p.l(printf5.o)(i._printf_core) for _printf_core
    E:\softs\Keil_v5\ARM\ARMCC\Bin\..\lib\armlib\mc_p.l(printf5.o)(i.__0sprintf$5) refers to E:\softs\Keil_v5\ARM\ARMCC\Bin\..\lib\armlib\mc_p.l(printf5.o)(i._sputc) for _sputc
    E:\softs\Keil_v5\ARM\ARMCC\Bin\..\lib\armlib\mc_p.l(printf5.o)(i.__0vfprintf$5) refers to E:\softs\Keil_v5\ARM\ARMCC\Bin\..\lib\armlib\mc_p.l(printf5.o)(i._printf_core) for _printf_core
    E:\softs\Keil_v5\ARM\ARMCC\Bin\..\lib\armlib\mc_p.l(printf5.o)(i.__0vfprintf$5) refers to .\_build\retarget.o(i.fputc) for fputc
    E:\softs\Keil_v5\ARM\ARMCC\Bin\..\lib\armlib\mc_p.l(printf5.o)(i.__0vprintf$5) refers to E:\softs\Keil_v5\ARM\ARMCC\Bin\..\lib\armlib\mc_p.l(printf5.o)(i._printf_core) for _printf_core
    E:\softs\Keil_v5\ARM\ARMCC\Bin\..\lib\armlib\mc_p.l(printf5.o)(i.__0vprintf$5) refers to .\_build\retarget.o(i.fputc) for fputc
    E:\softs\Keil_v5\ARM\ARMCC\Bin\..\lib\armlib\mc_p.l(printf5.o)(i.__0vprintf$5) refers to .\_build\retarget.o(.data) for __stdout
    E:\softs\Keil_v5\ARM\ARMCC\Bin\..\lib\armlib\mc_p.l(printf5.o)(i.__0vsnprintf$5) refers to E:\softs\Keil_v5\ARM\ARMCC\Bin\..\lib\armlib\mc_p.l(printf5.o)(i._printf_core) for _printf_core
    E:\softs\Keil_v5\ARM\ARMCC\Bin\..\lib\armlib\mc_p.l(printf5.o)(i.__0vsnprintf$5) refers to E:\softs\Keil_v5\ARM\ARMCC\Bin\..\lib\armlib\mc_p.l(printf5.o)(i._snputc) for _snputc
    E:\softs\Keil_v5\ARM\ARMCC\Bin\..\lib\armlib\mc_p.l(printf5.o)(i.__0vsprintf$5) refers to E:\softs\Keil_v5\ARM\ARMCC\Bin\..\lib\armlib\mc_p.l(printf5.o)(i._printf_core) for _printf_core
    E:\softs\Keil_v5\ARM\ARMCC\Bin\..\lib\armlib\mc_p.l(printf5.o)(i.__0vsprintf$5) refers to E:\softs\Keil_v5\ARM\ARMCC\Bin\..\lib\armlib\mc_p.l(printf5.o)(i._sputc) for _sputc
    E:\softs\Keil_v5\ARM\ARMCC\Bin\..\lib\armlib\mc_p.l(printf5.o)(i._printf_core) refers to E:\softs\Keil_v5\ARM\ARMCC\Bin\..\lib\armlib\mc_p.l(uldiv.o)(.text) for __aeabi_uldivmod
    E:\softs\Keil_v5\ARM\ARMCC\Bin\..\lib\armlib\mc_p.l(printf6.o)(i.__0fprintf$6) refers to E:\softs\Keil_v5\ARM\ARMCC\Bin\..\lib\armlib\mc_p.l(printf6.o)(i._printf_core) for _printf_core
    E:\softs\Keil_v5\ARM\ARMCC\Bin\..\lib\armlib\mc_p.l(printf6.o)(i.__0fprintf$6) refers to .\_build\retarget.o(i.fputc) for fputc
    E:\softs\Keil_v5\ARM\ARMCC\Bin\..\lib\armlib\mc_p.l(printf6.o)(i.__0printf$6) refers to E:\softs\Keil_v5\ARM\ARMCC\Bin\..\lib\armlib\mc_p.l(printf6.o)(i._printf_core) for _printf_core
    E:\softs\Keil_v5\ARM\ARMCC\Bin\..\lib\armlib\mc_p.l(printf6.o)(i.__0printf$6) refers to .\_build\retarget.o(i.fputc) for fputc
    E:\softs\Keil_v5\ARM\ARMCC\Bin\..\lib\armlib\mc_p.l(printf6.o)(i.__0printf$6) refers to .\_build\retarget.o(.data) for __stdout
    E:\softs\Keil_v5\ARM\ARMCC\Bin\..\lib\armlib\mc_p.l(printf6.o)(i.__0snprintf$6) refers to E:\softs\Keil_v5\ARM\ARMCC\Bin\..\lib\armlib\mc_p.l(printf6.o)(i._printf_core) for _printf_core
    E:\softs\Keil_v5\ARM\ARMCC\Bin\..\lib\armlib\mc_p.l(printf6.o)(i.__0snprintf$6) refers to E:\softs\Keil_v5\ARM\ARMCC\Bin\..\lib\armlib\mc_p.l(printf6.o)(i._snputc) for _snputc
    E:\softs\Keil_v5\ARM\ARMCC\Bin\..\lib\armlib\mc_p.l(printf6.o)(i.__0sprintf$6) refers to E:\softs\Keil_v5\ARM\ARMCC\Bin\..\lib\armlib\mc_p.l(printf6.o)(i._printf_core) for _printf_core
    E:\softs\Keil_v5\ARM\ARMCC\Bin\..\lib\armlib\mc_p.l(printf6.o)(i.__0sprintf$6) refers to E:\softs\Keil_v5\ARM\ARMCC\Bin\..\lib\armlib\mc_p.l(printf6.o)(i._sputc) for _sputc
    E:\softs\Keil_v5\ARM\ARMCC\Bin\..\lib\armlib\mc_p.l(printf6.o)(i.__0vfprintf$6) refers to E:\softs\Keil_v5\ARM\ARMCC\Bin\..\lib\armlib\mc_p.l(printf6.o)(i._printf_core) for _printf_core
    E:\softs\Keil_v5\ARM\ARMCC\Bin\..\lib\armlib\mc_p.l(printf6.o)(i.__0vfprintf$6) refers to .\_build\retarget.o(i.fputc) for fputc
    E:\softs\Keil_v5\ARM\ARMCC\Bin\..\lib\armlib\mc_p.l(printf6.o)(i.__0vprintf$6) refers to E:\softs\Keil_v5\ARM\ARMCC\Bin\..\lib\armlib\mc_p.l(printf6.o)(i._printf_core) for _printf_core
    E:\softs\Keil_v5\ARM\ARMCC\Bin\..\lib\armlib\mc_p.l(printf6.o)(i.__0vprintf$6) refers to .\_build\retarget.o(i.fputc) for fputc
    E:\softs\Keil_v5\ARM\ARMCC\Bin\..\lib\armlib\mc_p.l(printf6.o)(i.__0vprintf$6) refers to .\_build\retarget.o(.data) for __stdout
    E:\softs\Keil_v5\ARM\ARMCC\Bin\..\lib\armlib\mc_p.l(printf6.o)(i.__0vsnprintf$6) refers to E:\softs\Keil_v5\ARM\ARMCC\Bin\..\lib\armlib\mc_p.l(printf6.o)(i._printf_core) for _printf_core
    E:\softs\Keil_v5\ARM\ARMCC\Bin\..\lib\armlib\mc_p.l(printf6.o)(i.__0vsnprintf$6) refers to E:\softs\Keil_v5\ARM\ARMCC\Bin\..\lib\armlib\mc_p.l(printf6.o)(i._snputc) for _snputc
    E:\softs\Keil_v5\ARM\ARMCC\Bin\..\lib\armlib\mc_p.l(printf6.o)(i.__0vsprintf$6) refers to E:\softs\Keil_v5\ARM\ARMCC\Bin\..\lib\armlib\mc_p.l(printf6.o)(i._printf_core) for _printf_core
    E:\softs\Keil_v5\ARM\ARMCC\Bin\..\lib\armlib\mc_p.l(printf6.o)(i.__0vsprintf$6) refers to E:\softs\Keil_v5\ARM\ARMCC\Bin\..\lib\armlib\mc_p.l(printf6.o)(i._sputc) for _sputc
    E:\softs\Keil_v5\ARM\ARMCC\Bin\..\lib\armlib\mc_p.l(printf6.o)(i._printf_core) refers to E:\softs\Keil_v5\ARM\ARMCC\Bin\..\lib\armlib\mc_p.l(printf6.o)(i._printf_pre_padding) for _printf_pre_padding
    E:\softs\Keil_v5\ARM\ARMCC\Bin\..\lib\armlib\mc_p.l(printf6.o)(i._printf_core) refers to E:\softs\Keil_v5\ARM\ARMCC\Bin\..\lib\armlib\mc_p.l(printf6.o)(i._printf_post_padding) for _printf_post_padding
    E:\softs\Keil_v5\ARM\ARMCC\Bin\..\lib\armlib\mc_p.l(printf6.o)(i._printf_core) refers to E:\softs\Keil_v5\ARM\ARMCC\Bin\..\lib\armlib\mc_p.l(uidiv.o)(.text) for __aeabi_uidivmod
    E:\softs\Keil_v5\ARM\ARMCC\Bin\..\lib\armlib\mc_p.l(printf7.o)(i.__0fprintf$7) refers to E:\softs\Keil_v5\ARM\ARMCC\Bin\..\lib\armlib\mc_p.l(printf7.o)(i._printf_core) for _printf_core
    E:\softs\Keil_v5\ARM\ARMCC\Bin\..\lib\armlib\mc_p.l(printf7.o)(i.__0fprintf$7) refers to .\_build\retarget.o(i.fputc) for fputc
    E:\softs\Keil_v5\ARM\ARMCC\Bin\..\lib\armlib\mc_p.l(printf7.o)(i.__0printf$7) refers to E:\softs\Keil_v5\ARM\ARMCC\Bin\..\lib\armlib\mc_p.l(printf7.o)(i._printf_core) for _printf_core
    E:\softs\Keil_v5\ARM\ARMCC\Bin\..\lib\armlib\mc_p.l(printf7.o)(i.__0printf$7) refers to .\_build\retarget.o(i.fputc) for fputc
    E:\softs\Keil_v5\ARM\ARMCC\Bin\..\lib\armlib\mc_p.l(printf7.o)(i.__0printf$7) refers to .\_build\retarget.o(.data) for __stdout
    E:\softs\Keil_v5\ARM\ARMCC\Bin\..\lib\armlib\mc_p.l(printf7.o)(i.__0snprintf$7) refers to E:\softs\Keil_v5\ARM\ARMCC\Bin\..\lib\armlib\mc_p.l(printf7.o)(i._printf_core) for _printf_core
    E:\softs\Keil_v5\ARM\ARMCC\Bin\..\lib\armlib\mc_p.l(printf7.o)(i.__0snprintf$7) refers to E:\softs\Keil_v5\ARM\ARMCC\Bin\..\lib\armlib\mc_p.l(printf7.o)(i._snputc) for _snputc
    E:\softs\Keil_v5\ARM\ARMCC\Bin\..\lib\armlib\mc_p.l(printf7.o)(i.__0sprintf$7) refers to E:\softs\Keil_v5\ARM\ARMCC\Bin\..\lib\armlib\mc_p.l(printf7.o)(i._printf_core) for _printf_core
    E:\softs\Keil_v5\ARM\ARMCC\Bin\..\lib\armlib\mc_p.l(printf7.o)(i.__0sprintf$7) refers to E:\softs\Keil_v5\ARM\ARMCC\Bin\..\lib\armlib\mc_p.l(printf7.o)(i._sputc) for _sputc
    E:\softs\Keil_v5\ARM\ARMCC\Bin\..\lib\armlib\mc_p.l(printf7.o)(i.__0vfprintf$7) refers to E:\softs\Keil_v5\ARM\ARMCC\Bin\..\lib\armlib\mc_p.l(printf7.o)(i._printf_core) for _printf_core
    E:\softs\Keil_v5\ARM\ARMCC\Bin\..\lib\armlib\mc_p.l(printf7.o)(i.__0vfprintf$7) refers to .\_build\retarget.o(i.fputc) for fputc
    E:\softs\Keil_v5\ARM\ARMCC\Bin\..\lib\armlib\mc_p.l(printf7.o)(i.__0vprintf$7) refers to E:\softs\Keil_v5\ARM\ARMCC\Bin\..\lib\armlib\mc_p.l(printf7.o)(i._printf_core) for _printf_core
    E:\softs\Keil_v5\ARM\ARMCC\Bin\..\lib\armlib\mc_p.l(printf7.o)(i.__0vprintf$7) refers to .\_build\retarget.o(i.fputc) for fputc
    E:\softs\Keil_v5\ARM\ARMCC\Bin\..\lib\armlib\mc_p.l(printf7.o)(i.__0vprintf$7) refers to .\_build\retarget.o(.data) for __stdout
    E:\softs\Keil_v5\ARM\ARMCC\Bin\..\lib\armlib\mc_p.l(printf7.o)(i.__0vsnprintf$7) refers to E:\softs\Keil_v5\ARM\ARMCC\Bin\..\lib\armlib\mc_p.l(printf7.o)(i._printf_core) for _printf_core
    E:\softs\Keil_v5\ARM\ARMCC\Bin\..\lib\armlib\mc_p.l(printf7.o)(i.__0vsnprintf$7) refers to E:\softs\Keil_v5\ARM\ARMCC\Bin\..\lib\armlib\mc_p.l(printf7.o)(i._snputc) for _snputc
    E:\softs\Keil_v5\ARM\ARMCC\Bin\..\lib\armlib\mc_p.l(printf7.o)(i.__0vsprintf$7) refers to E:\softs\Keil_v5\ARM\ARMCC\Bin\..\lib\armlib\mc_p.l(printf7.o)(i._printf_core) for _printf_core
    E:\softs\Keil_v5\ARM\ARMCC\Bin\..\lib\armlib\mc_p.l(printf7.o)(i.__0vsprintf$7) refers to E:\softs\Keil_v5\ARM\ARMCC\Bin\..\lib\armlib\mc_p.l(printf7.o)(i._sputc) for _sputc
    E:\softs\Keil_v5\ARM\ARMCC\Bin\..\lib\armlib\mc_p.l(printf7.o)(i._printf_core) refers to E:\softs\Keil_v5\ARM\ARMCC\Bin\..\lib\armlib\mc_p.l(printf7.o)(i._printf_pre_padding) for _printf_pre_padding
    E:\softs\Keil_v5\ARM\ARMCC\Bin\..\lib\armlib\mc_p.l(printf7.o)(i._printf_core) refers to E:\softs\Keil_v5\ARM\ARMCC\Bin\..\lib\armlib\mc_p.l(printf7.o)(i._printf_post_padding) for _printf_post_padding
    E:\softs\Keil_v5\ARM\ARMCC\Bin\..\lib\armlib\mc_p.l(printf7.o)(i._printf_core) refers to E:\softs\Keil_v5\ARM\ARMCC\Bin\..\lib\armlib\mc_p.l(uldiv.o)(.text) for __aeabi_uldivmod
    E:\softs\Keil_v5\ARM\ARMCC\Bin\..\lib\armlib\mc_p.l(printf8.o)(i.__0fprintf$8) refers to E:\softs\Keil_v5\ARM\ARMCC\Bin\..\lib\armlib\mc_p.l(printf8.o)(i._printf_core) for _printf_core
    E:\softs\Keil_v5\ARM\ARMCC\Bin\..\lib\armlib\mc_p.l(printf8.o)(i.__0fprintf$8) refers to .\_build\retarget.o(i.fputc) for fputc
    E:\softs\Keil_v5\ARM\ARMCC\Bin\..\lib\armlib\mc_p.l(printf8.o)(i.__0printf$8) refers to E:\softs\Keil_v5\ARM\ARMCC\Bin\..\lib\armlib\mc_p.l(printf8.o)(i._printf_core) for _printf_core
    E:\softs\Keil_v5\ARM\ARMCC\Bin\..\lib\armlib\mc_p.l(printf8.o)(i.__0printf$8) refers to .\_build\retarget.o(i.fputc) for fputc
    E:\softs\Keil_v5\ARM\ARMCC\Bin\..\lib\armlib\mc_p.l(printf8.o)(i.__0printf$8) refers to .\_build\retarget.o(.data) for __stdout
    E:\softs\Keil_v5\ARM\ARMCC\Bin\..\lib\armlib\mc_p.l(printf8.o)(i.__0snprintf$8) refers to E:\softs\Keil_v5\ARM\ARMCC\Bin\..\lib\armlib\mc_p.l(printf8.o)(i._printf_core) for _printf_core
    E:\softs\Keil_v5\ARM\ARMCC\Bin\..\lib\armlib\mc_p.l(printf8.o)(i.__0snprintf$8) refers to E:\softs\Keil_v5\ARM\ARMCC\Bin\..\lib\armlib\mc_p.l(printf8.o)(i._snputc) for _snputc
    E:\softs\Keil_v5\ARM\ARMCC\Bin\..\lib\armlib\mc_p.l(printf8.o)(i.__0sprintf$8) refers to E:\softs\Keil_v5\ARM\ARMCC\Bin\..\lib\armlib\mc_p.l(printf8.o)(i._printf_core) for _printf_core
    E:\softs\Keil_v5\ARM\ARMCC\Bin\..\lib\armlib\mc_p.l(printf8.o)(i.__0sprintf$8) refers to E:\softs\Keil_v5\ARM\ARMCC\Bin\..\lib\armlib\mc_p.l(printf8.o)(i._sputc) for _sputc
    E:\softs\Keil_v5\ARM\ARMCC\Bin\..\lib\armlib\mc_p.l(printf8.o)(i.__0vfprintf$8) refers to E:\softs\Keil_v5\ARM\ARMCC\Bin\..\lib\armlib\mc_p.l(printf8.o)(i._printf_core) for _printf_core
    E:\softs\Keil_v5\ARM\ARMCC\Bin\..\lib\armlib\mc_p.l(printf8.o)(i.__0vfprintf$8) refers to .\_build\retarget.o(i.fputc) for fputc
    E:\softs\Keil_v5\ARM\ARMCC\Bin\..\lib\armlib\mc_p.l(printf8.o)(i.__0vprintf$8) refers to E:\softs\Keil_v5\ARM\ARMCC\Bin\..\lib\armlib\mc_p.l(printf8.o)(i._printf_core) for _printf_core
    E:\softs\Keil_v5\ARM\ARMCC\Bin\..\lib\armlib\mc_p.l(printf8.o)(i.__0vprintf$8) refers to .\_build\retarget.o(i.fputc) for fputc
    E:\softs\Keil_v5\ARM\ARMCC\Bin\..\lib\armlib\mc_p.l(printf8.o)(i.__0vprintf$8) refers to .\_build\retarget.o(.data) for __stdout
    E:\softs\Keil_v5\ARM\ARMCC\Bin\..\lib\armlib\mc_p.l(printf8.o)(i.__0vsnprintf$8) refers to E:\softs\Keil_v5\ARM\ARMCC\Bin\..\lib\armlib\mc_p.l(printf8.o)(i._printf_core) for _printf_core
    E:\softs\Keil_v5\ARM\ARMCC\Bin\..\lib\armlib\mc_p.l(printf8.o)(i.__0vsnprintf$8) refers to E:\softs\Keil_v5\ARM\ARMCC\Bin\..\lib\armlib\mc_p.l(printf8.o)(i._snputc) for _snputc
    E:\softs\Keil_v5\ARM\ARMCC\Bin\..\lib\armlib\mc_p.l(printf8.o)(i.__0vsprintf$8) refers to E:\softs\Keil_v5\ARM\ARMCC\Bin\..\lib\armlib\mc_p.l(printf8.o)(i._printf_core) for _printf_core
    E:\softs\Keil_v5\ARM\ARMCC\Bin\..\lib\armlib\mc_p.l(printf8.o)(i.__0vsprintf$8) refers to E:\softs\Keil_v5\ARM\ARMCC\Bin\..\lib\armlib\mc_p.l(printf8.o)(i._sputc) for _sputc
    E:\softs\Keil_v5\ARM\ARMCC\Bin\..\lib\armlib\mc_p.l(printf8.o)(i._printf_core) refers to E:\softs\Keil_v5\ARM\ARMCC\Bin\..\lib\armlib\mc_p.l(printf8.o)(i._printf_pre_padding) for _printf_pre_padding
    E:\softs\Keil_v5\ARM\ARMCC\Bin\..\lib\armlib\mc_p.l(printf8.o)(i._printf_core) refers to E:\softs\Keil_v5\ARM\ARMCC\Bin\..\lib\armlib\mc_p.l(printf8.o)(i._printf_post_padding) for _printf_post_padding
    E:\softs\Keil_v5\ARM\ARMCC\Bin\..\lib\armlib\mc_p.l(printf8.o)(i._printf_core) refers to E:\softs\Keil_v5\ARM\ARMCC\Bin\..\lib\armlib\mc_p.l(uldiv.o)(.text) for __aeabi_uldivmod
    E:\softs\Keil_v5\ARM\ARMCC\Bin\..\lib\armlib\mc_p.l(printfa.o)(i.__0fprintf) refers (Special) to E:\softs\Keil_v5\ARM\ARMCC\Bin\..\lib\armlib\mc_p.l(iusefp.o)(.text) for __I$use$fp
    E:\softs\Keil_v5\ARM\ARMCC\Bin\..\lib\armlib\mc_p.l(printfa.o)(i.__0fprintf) refers to E:\softs\Keil_v5\ARM\ARMCC\Bin\..\lib\armlib\mc_p.l(printfa.o)(i._printf_core) for _printf_core
    E:\softs\Keil_v5\ARM\ARMCC\Bin\..\lib\armlib\mc_p.l(printfa.o)(i.__0fprintf) refers to .\_build\retarget.o(i.fputc) for fputc
    E:\softs\Keil_v5\ARM\ARMCC\Bin\..\lib\armlib\mc_p.l(printfa.o)(i.__0printf) refers (Special) to E:\softs\Keil_v5\ARM\ARMCC\Bin\..\lib\armlib\mc_p.l(iusefp.o)(.text) for __I$use$fp
    E:\softs\Keil_v5\ARM\ARMCC\Bin\..\lib\armlib\mc_p.l(printfa.o)(i.__0printf) refers to E:\softs\Keil_v5\ARM\ARMCC\Bin\..\lib\armlib\mc_p.l(printfa.o)(i._printf_core) for _printf_core
    E:\softs\Keil_v5\ARM\ARMCC\Bin\..\lib\armlib\mc_p.l(printfa.o)(i.__0printf) refers to .\_build\retarget.o(i.fputc) for fputc
    E:\softs\Keil_v5\ARM\ARMCC\Bin\..\lib\armlib\mc_p.l(printfa.o)(i.__0printf) refers to .\_build\retarget.o(.data) for __stdout
    E:\softs\Keil_v5\ARM\ARMCC\Bin\..\lib\armlib\mc_p.l(printfa.o)(i.__0snprintf) refers (Special) to E:\softs\Keil_v5\ARM\ARMCC\Bin\..\lib\armlib\mc_p.l(iusefp.o)(.text) for __I$use$fp
    E:\softs\Keil_v5\ARM\ARMCC\Bin\..\lib\armlib\mc_p.l(printfa.o)(i.__0snprintf) refers to E:\softs\Keil_v5\ARM\ARMCC\Bin\..\lib\armlib\mc_p.l(printfa.o)(i._printf_core) for _printf_core
    E:\softs\Keil_v5\ARM\ARMCC\Bin\..\lib\armlib\mc_p.l(printfa.o)(i.__0snprintf) refers to E:\softs\Keil_v5\ARM\ARMCC\Bin\..\lib\armlib\mc_p.l(printfa.o)(i._snputc) for _snputc
    E:\softs\Keil_v5\ARM\ARMCC\Bin\..\lib\armlib\mc_p.l(printfa.o)(i.__0sprintf) refers (Special) to E:\softs\Keil_v5\ARM\ARMCC\Bin\..\lib\armlib\mc_p.l(iusefp.o)(.text) for __I$use$fp
    E:\softs\Keil_v5\ARM\ARMCC\Bin\..\lib\armlib\mc_p.l(printfa.o)(i.__0sprintf) refers to E:\softs\Keil_v5\ARM\ARMCC\Bin\..\lib\armlib\mc_p.l(printfa.o)(i._printf_core) for _printf_core
    E:\softs\Keil_v5\ARM\ARMCC\Bin\..\lib\armlib\mc_p.l(printfa.o)(i.__0sprintf) refers to E:\softs\Keil_v5\ARM\ARMCC\Bin\..\lib\armlib\mc_p.l(printfa.o)(i._sputc) for _sputc
    E:\softs\Keil_v5\ARM\ARMCC\Bin\..\lib\armlib\mc_p.l(printfa.o)(i.__0vfprintf) refers (Special) to E:\softs\Keil_v5\ARM\ARMCC\Bin\..\lib\armlib\mc_p.l(iusefp.o)(.text) for __I$use$fp
    E:\softs\Keil_v5\ARM\ARMCC\Bin\..\lib\armlib\mc_p.l(printfa.o)(i.__0vfprintf) refers to E:\softs\Keil_v5\ARM\ARMCC\Bin\..\lib\armlib\mc_p.l(printfa.o)(i._printf_core) for _printf_core
    E:\softs\Keil_v5\ARM\ARMCC\Bin\..\lib\armlib\mc_p.l(printfa.o)(i.__0vfprintf) refers to .\_build\retarget.o(i.fputc) for fputc
    E:\softs\Keil_v5\ARM\ARMCC\Bin\..\lib\armlib\mc_p.l(printfa.o)(i.__0vprintf) refers (Special) to E:\softs\Keil_v5\ARM\ARMCC\Bin\..\lib\armlib\mc_p.l(iusefp.o)(.text) for __I$use$fp
    E:\softs\Keil_v5\ARM\ARMCC\Bin\..\lib\armlib\mc_p.l(printfa.o)(i.__0vprintf) refers to E:\softs\Keil_v5\ARM\ARMCC\Bin\..\lib\armlib\mc_p.l(printfa.o)(i._printf_core) for _printf_core
    E:\softs\Keil_v5\ARM\ARMCC\Bin\..\lib\armlib\mc_p.l(printfa.o)(i.__0vprintf) refers to .\_build\retarget.o(i.fputc) for fputc
    E:\softs\Keil_v5\ARM\ARMCC\Bin\..\lib\armlib\mc_p.l(printfa.o)(i.__0vprintf) refers to .\_build\retarget.o(.data) for __stdout
    E:\softs\Keil_v5\ARM\ARMCC\Bin\..\lib\armlib\mc_p.l(printfa.o)(i.__0vsnprintf) refers (Special) to E:\softs\Keil_v5\ARM\ARMCC\Bin\..\lib\armlib\mc_p.l(iusefp.o)(.text) for __I$use$fp
    E:\softs\Keil_v5\ARM\ARMCC\Bin\..\lib\armlib\mc_p.l(printfa.o)(i.__0vsnprintf) refers to E:\softs\Keil_v5\ARM\ARMCC\Bin\..\lib\armlib\mc_p.l(printfa.o)(i._printf_core) for _printf_core
    E:\softs\Keil_v5\ARM\ARMCC\Bin\..\lib\armlib\mc_p.l(printfa.o)(i.__0vsnprintf) refers to E:\softs\Keil_v5\ARM\ARMCC\Bin\..\lib\armlib\mc_p.l(printfa.o)(i._snputc) for _snputc
    E:\softs\Keil_v5\ARM\ARMCC\Bin\..\lib\armlib\mc_p.l(printfa.o)(i.__0vsprintf) refers (Special) to E:\softs\Keil_v5\ARM\ARMCC\Bin\..\lib\armlib\mc_p.l(iusefp.o)(.text) for __I$use$fp
    E:\softs\Keil_v5\ARM\ARMCC\Bin\..\lib\armlib\mc_p.l(printfa.o)(i.__0vsprintf) refers to E:\softs\Keil_v5\ARM\ARMCC\Bin\..\lib\armlib\mc_p.l(printfa.o)(i._printf_core) for _printf_core
    E:\softs\Keil_v5\ARM\ARMCC\Bin\..\lib\armlib\mc_p.l(printfa.o)(i.__0vsprintf) refers to E:\softs\Keil_v5\ARM\ARMCC\Bin\..\lib\armlib\mc_p.l(printfa.o)(i._sputc) for _sputc
    E:\softs\Keil_v5\ARM\ARMCC\Bin\..\lib\armlib\mc_p.l(printfa.o)(i._fp_digits) refers (Special) to E:\softs\Keil_v5\ARM\ARMCC\Bin\..\lib\armlib\mc_p.l(iusefp.o)(.text) for __I$use$fp
    E:\softs\Keil_v5\ARM\ARMCC\Bin\..\lib\armlib\mc_p.l(printfa.o)(i._fp_digits) refers to E:\softs\Keil_v5\ARM\ARMCC\Bin\..\lib\armlib\mf_p.l(dmul.o)(.text) for __aeabi_dmul
    E:\softs\Keil_v5\ARM\ARMCC\Bin\..\lib\armlib\mc_p.l(printfa.o)(i._fp_digits) refers to E:\softs\Keil_v5\ARM\ARMCC\Bin\..\lib\armlib\mf_p.l(ddiv.o)(.text) for __aeabi_ddiv
    E:\softs\Keil_v5\ARM\ARMCC\Bin\..\lib\armlib\mc_p.l(printfa.o)(i._fp_digits) refers to E:\softs\Keil_v5\ARM\ARMCC\Bin\..\lib\armlib\mf_p.l(cdrcmple.o)(.text) for __aeabi_cdrcmple
    E:\softs\Keil_v5\ARM\ARMCC\Bin\..\lib\armlib\mc_p.l(printfa.o)(i._fp_digits) refers to E:\softs\Keil_v5\ARM\ARMCC\Bin\..\lib\armlib\mf_p.l(dadd.o)(.text) for __aeabi_dadd
    E:\softs\Keil_v5\ARM\ARMCC\Bin\..\lib\armlib\mc_p.l(printfa.o)(i._fp_digits) refers to E:\softs\Keil_v5\ARM\ARMCC\Bin\..\lib\armlib\mf_p.l(dfixul.o)(.text) for __aeabi_d2ulz
    E:\softs\Keil_v5\ARM\ARMCC\Bin\..\lib\armlib\mc_p.l(printfa.o)(i._fp_digits) refers to E:\softs\Keil_v5\ARM\ARMCC\Bin\..\lib\armlib\mc_p.l(uldiv.o)(.text) for __aeabi_uldivmod
    E:\softs\Keil_v5\ARM\ARMCC\Bin\..\lib\armlib\mc_p.l(printfa.o)(i._printf_core) refers (Special) to E:\softs\Keil_v5\ARM\ARMCC\Bin\..\lib\armlib\mc_p.l(iusefp.o)(.text) for __I$use$fp
    E:\softs\Keil_v5\ARM\ARMCC\Bin\..\lib\armlib\mc_p.l(printfa.o)(i._printf_core) refers to E:\softs\Keil_v5\ARM\ARMCC\Bin\..\lib\armlib\mc_p.l(printfa.o)(i._printf_pre_padding) for _printf_pre_padding
    E:\softs\Keil_v5\ARM\ARMCC\Bin\..\lib\armlib\mc_p.l(printfa.o)(i._printf_core) refers to E:\softs\Keil_v5\ARM\ARMCC\Bin\..\lib\armlib\mc_p.l(uldiv.o)(.text) for __aeabi_uldivmod
    E:\softs\Keil_v5\ARM\ARMCC\Bin\..\lib\armlib\mc_p.l(printfa.o)(i._printf_core) refers to E:\softs\Keil_v5\ARM\ARMCC\Bin\..\lib\armlib\mc_p.l(printfa.o)(i._printf_post_padding) for _printf_post_padding
    E:\softs\Keil_v5\ARM\ARMCC\Bin\..\lib\armlib\mc_p.l(printfa.o)(i._printf_core) refers to E:\softs\Keil_v5\ARM\ARMCC\Bin\..\lib\armlib\mc_p.l(printfa.o)(i._fp_digits) for _fp_digits
    E:\softs\Keil_v5\ARM\ARMCC\Bin\..\lib\armlib\mc_p.l(printfa.o)(i._printf_core) refers to E:\softs\Keil_v5\ARM\ARMCC\Bin\..\lib\armlib\mc_p.l(uidiv.o)(.text) for __aeabi_uidivmod
    E:\softs\Keil_v5\ARM\ARMCC\Bin\..\lib\armlib\mc_p.l(printfa.o)(i._printf_post_padding) refers (Special) to E:\softs\Keil_v5\ARM\ARMCC\Bin\..\lib\armlib\mc_p.l(iusefp.o)(.text) for __I$use$fp
    E:\softs\Keil_v5\ARM\ARMCC\Bin\..\lib\armlib\mc_p.l(printfa.o)(i._printf_pre_padding) refers (Special) to E:\softs\Keil_v5\ARM\ARMCC\Bin\..\lib\armlib\mc_p.l(iusefp.o)(.text) for __I$use$fp
    E:\softs\Keil_v5\ARM\ARMCC\Bin\..\lib\armlib\mc_p.l(printfa.o)(i._snputc) refers (Special) to E:\softs\Keil_v5\ARM\ARMCC\Bin\..\lib\armlib\mc_p.l(iusefp.o)(.text) for __I$use$fp
    E:\softs\Keil_v5\ARM\ARMCC\Bin\..\lib\armlib\mc_p.l(printfa.o)(i._sputc) refers (Special) to E:\softs\Keil_v5\ARM\ARMCC\Bin\..\lib\armlib\mc_p.l(iusefp.o)(.text) for __I$use$fp
    E:\softs\Keil_v5\ARM\ARMCC\Bin\..\lib\armlib\mf_p.l(fadd.o)(.text) refers (Special) to E:\softs\Keil_v5\ARM\ARMCC\Bin\..\lib\armlib\mc_p.l(iusefp.o)(.text) for __I$use$fp
    E:\softs\Keil_v5\ARM\ARMCC\Bin\..\lib\armlib\mf_p.l(fadd.o)(.text) refers to E:\softs\Keil_v5\ARM\ARMCC\Bin\..\lib\armlib\mf_p.l(fepilogue.o)(.text) for _float_epilogue
    E:\softs\Keil_v5\ARM\ARMCC\Bin\..\lib\armlib\mf_p.l(fmul.o)(.text) refers (Special) to E:\softs\Keil_v5\ARM\ARMCC\Bin\..\lib\armlib\mc_p.l(iusefp.o)(.text) for __I$use$fp
    E:\softs\Keil_v5\ARM\ARMCC\Bin\..\lib\armlib\mf_p.l(fdiv.o)(.text) refers (Special) to E:\softs\Keil_v5\ARM\ARMCC\Bin\..\lib\armlib\mc_p.l(iusefp.o)(.text) for __I$use$fp
    E:\softs\Keil_v5\ARM\ARMCC\Bin\..\lib\armlib\mf_p.l(fdiv.o)(.text) refers to E:\softs\Keil_v5\ARM\ARMCC\Bin\..\lib\armlib\mf_p.l(fepilogue.o)(.text) for _float_round
    E:\softs\Keil_v5\ARM\ARMCC\Bin\..\lib\armlib\mf_p.l(fscalb.o)(.text) refers (Special) to E:\softs\Keil_v5\ARM\ARMCC\Bin\..\lib\armlib\mc_p.l(iusefp.o)(.text) for __I$use$fp
    E:\softs\Keil_v5\ARM\ARMCC\Bin\..\lib\armlib\mf_p.l(dadd.o)(.text) refers (Special) to E:\softs\Keil_v5\ARM\ARMCC\Bin\..\lib\armlib\mc_p.l(iusefp.o)(.text) for __I$use$fp
    E:\softs\Keil_v5\ARM\ARMCC\Bin\..\lib\armlib\mf_p.l(dadd.o)(.text) refers to E:\softs\Keil_v5\ARM\ARMCC\Bin\..\lib\armlib\mc_p.l(llshl.o)(.text) for __aeabi_llsl
    E:\softs\Keil_v5\ARM\ARMCC\Bin\..\lib\armlib\mf_p.l(dadd.o)(.text) refers to E:\softs\Keil_v5\ARM\ARMCC\Bin\..\lib\armlib\mc_p.l(llsshr.o)(.text) for __aeabi_lasr
    E:\softs\Keil_v5\ARM\ARMCC\Bin\..\lib\armlib\mf_p.l(dadd.o)(.text) refers to E:\softs\Keil_v5\ARM\ARMCC\Bin\..\lib\armlib\mf_p.l(depilogue.o)(.text) for _double_epilogue
    E:\softs\Keil_v5\ARM\ARMCC\Bin\..\lib\armlib\mf_p.l(dmul.o)(.text) refers (Special) to E:\softs\Keil_v5\ARM\ARMCC\Bin\..\lib\armlib\mc_p.l(iusefp.o)(.text) for __I$use$fp
    E:\softs\Keil_v5\ARM\ARMCC\Bin\..\lib\armlib\mf_p.l(dmul.o)(.text) refers to E:\softs\Keil_v5\ARM\ARMCC\Bin\..\lib\armlib\mf_p.l(depilogue.o)(.text) for _double_epilogue
    E:\softs\Keil_v5\ARM\ARMCC\Bin\..\lib\armlib\mf_p.l(dscalb.o)(.text) refers (Special) to E:\softs\Keil_v5\ARM\ARMCC\Bin\..\lib\armlib\mc_p.l(iusefp.o)(.text) for __I$use$fp
    E:\softs\Keil_v5\ARM\ARMCC\Bin\..\lib\armlib\mf_p.l(fflti.o)(.text) refers (Special) to E:\softs\Keil_v5\ARM\ARMCC\Bin\..\lib\armlib\mc_p.l(iusefp.o)(.text) for __I$use$fp
    E:\softs\Keil_v5\ARM\ARMCC\Bin\..\lib\armlib\mf_p.l(fflti.o)(.text) refers to E:\softs\Keil_v5\ARM\ARMCC\Bin\..\lib\armlib\mf_p.l(fepilogue.o)(.text) for _float_epilogue
    E:\softs\Keil_v5\ARM\ARMCC\Bin\..\lib\armlib\mf_p.l(ffltui.o)(.text) refers (Special) to E:\softs\Keil_v5\ARM\ARMCC\Bin\..\lib\armlib\mc_p.l(iusefp.o)(.text) for __I$use$fp
    E:\softs\Keil_v5\ARM\ARMCC\Bin\..\lib\armlib\mf_p.l(ffltui.o)(.text) refers to E:\softs\Keil_v5\ARM\ARMCC\Bin\..\lib\armlib\mf_p.l(fepilogue.o)(.text) for _float_epilogue
    E:\softs\Keil_v5\ARM\ARMCC\Bin\..\lib\armlib\mf_p.l(dflti.o)(.text) refers (Special) to E:\softs\Keil_v5\ARM\ARMCC\Bin\..\lib\armlib\mc_p.l(iusefp.o)(.text) for __I$use$fp
    E:\softs\Keil_v5\ARM\ARMCC\Bin\..\lib\armlib\mf_p.l(dflti.o)(.text) refers to E:\softs\Keil_v5\ARM\ARMCC\Bin\..\lib\armlib\mf_p.l(depilogue.o)(.text) for _double_epilogue
    E:\softs\Keil_v5\ARM\ARMCC\Bin\..\lib\armlib\mf_p.l(ffixi.o)(.text) refers (Special) to E:\softs\Keil_v5\ARM\ARMCC\Bin\..\lib\armlib\mc_p.l(iusefp.o)(.text) for __I$use$fp
    E:\softs\Keil_v5\ARM\ARMCC\Bin\..\lib\armlib\mf_p.l(ffixui.o)(.text) refers (Special) to E:\softs\Keil_v5\ARM\ARMCC\Bin\..\lib\armlib\mc_p.l(iusefp.o)(.text) for __I$use$fp
    E:\softs\Keil_v5\ARM\ARMCC\Bin\..\lib\armlib\mf_p.l(dfixi.o)(.text) refers (Special) to E:\softs\Keil_v5\ARM\ARMCC\Bin\..\lib\armlib\mc_p.l(iusefp.o)(.text) for __I$use$fp
    E:\softs\Keil_v5\ARM\ARMCC\Bin\..\lib\armlib\mf_p.l(dfixi.o)(.text) refers to E:\softs\Keil_v5\ARM\ARMCC\Bin\..\lib\armlib\mc_p.l(llushr.o)(.text) for __aeabi_llsr
    E:\softs\Keil_v5\ARM\ARMCC\Bin\..\lib\armlib\mf_p.l(dfixui.o)(.text) refers (Special) to E:\softs\Keil_v5\ARM\ARMCC\Bin\..\lib\armlib\mc_p.l(iusefp.o)(.text) for __I$use$fp
    E:\softs\Keil_v5\ARM\ARMCC\Bin\..\lib\armlib\mf_p.l(dfixui.o)(.text) refers to E:\softs\Keil_v5\ARM\ARMCC\Bin\..\lib\armlib\mc_p.l(llushr.o)(.text) for __aeabi_llsr
    E:\softs\Keil_v5\ARM\ARMCC\Bin\..\lib\armlib\mf_p.l(f2d.o)(.text) refers (Special) to E:\softs\Keil_v5\ARM\ARMCC\Bin\..\lib\armlib\mc_p.l(iusefp.o)(.text) for __I$use$fp
    E:\softs\Keil_v5\ARM\ARMCC\Bin\..\lib\armlib\mf_p.l(d2f.o)(.text) refers (Special) to E:\softs\Keil_v5\ARM\ARMCC\Bin\..\lib\armlib\mc_p.l(iusefp.o)(.text) for __I$use$fp
    E:\softs\Keil_v5\ARM\ARMCC\Bin\..\lib\armlib\mf_p.l(d2f.o)(.text) refers to E:\softs\Keil_v5\ARM\ARMCC\Bin\..\lib\armlib\mf_p.l(fepilogue.o)(.text) for _float_round
    E:\softs\Keil_v5\ARM\ARMCC\Bin\..\lib\armlib\mf_p.l(cfrcmple.o)(.text) refers (Special) to E:\softs\Keil_v5\ARM\ARMCC\Bin\..\lib\armlib\mc_p.l(iusefp.o)(.text) for __I$use$fp
    E:\softs\Keil_v5\ARM\ARMCC\Bin\..\lib\armlib\m_ps.l(dunder.o)(i.__mathlib_dbl_divzero) refers to E:\softs\Keil_v5\ARM\ARMCC\Bin\..\lib\armlib\mf_p.l(ddiv.o)(.text) for __aeabi_ddiv
    E:\softs\Keil_v5\ARM\ARMCC\Bin\..\lib\armlib\m_ps.l(dunder.o)(i.__mathlib_dbl_infnan) refers to E:\softs\Keil_v5\ARM\ARMCC\Bin\..\lib\armlib\mf_p.l(dscalb.o)(.text) for __ARM_scalbn
    E:\softs\Keil_v5\ARM\ARMCC\Bin\..\lib\armlib\m_ps.l(dunder.o)(i.__mathlib_dbl_infnan2) refers to E:\softs\Keil_v5\ARM\ARMCC\Bin\..\lib\armlib\mf_p.l(dadd.o)(.text) for __aeabi_dadd
    E:\softs\Keil_v5\ARM\ARMCC\Bin\..\lib\armlib\m_ps.l(dunder.o)(i.__mathlib_dbl_invalid) refers to E:\softs\Keil_v5\ARM\ARMCC\Bin\..\lib\armlib\mf_p.l(ddiv.o)(.text) for __aeabi_ddiv
    E:\softs\Keil_v5\ARM\ARMCC\Bin\..\lib\armlib\m_ps.l(dunder.o)(i.__mathlib_dbl_overflow) refers to E:\softs\Keil_v5\ARM\ARMCC\Bin\..\lib\armlib\mf_p.l(dscalb.o)(.text) for __ARM_scalbn
    E:\softs\Keil_v5\ARM\ARMCC\Bin\..\lib\armlib\m_ps.l(dunder.o)(i.__mathlib_dbl_posinfnan) refers to E:\softs\Keil_v5\ARM\ARMCC\Bin\..\lib\armlib\mf_p.l(dmul.o)(.text) for __aeabi_dmul
    E:\softs\Keil_v5\ARM\ARMCC\Bin\..\lib\armlib\m_ps.l(dunder.o)(i.__mathlib_dbl_underflow) refers to E:\softs\Keil_v5\ARM\ARMCC\Bin\..\lib\armlib\mf_p.l(dscalb.o)(.text) for __ARM_scalbn
    E:\softs\Keil_v5\ARM\ARMCC\Bin\..\lib\armlib\m_ps.l(fpclassify.o)(i.__ARM_fpclassify) refers (Special) to E:\softs\Keil_v5\ARM\ARMCC\Bin\..\lib\armlib\mc_p.l(iusefp.o)(.text) for __I$use$fp
    E:\softs\Keil_v5\ARM\ARMCC\Bin\..\lib\armlib\m_ps.l(poly.o)(i.__kernel_poly) refers (Special) to E:\softs\Keil_v5\ARM\ARMCC\Bin\..\lib\armlib\mc_p.l(iusefp.o)(.text) for __I$use$fp
    E:\softs\Keil_v5\ARM\ARMCC\Bin\..\lib\armlib\m_ps.l(poly.o)(i.__kernel_poly) refers to E:\softs\Keil_v5\ARM\ARMCC\Bin\..\lib\armlib\mf_p.l(dmul.o)(.text) for __aeabi_dmul
    E:\softs\Keil_v5\ARM\ARMCC\Bin\..\lib\armlib\m_ps.l(poly.o)(i.__kernel_poly) refers to E:\softs\Keil_v5\ARM\ARMCC\Bin\..\lib\armlib\mf_p.l(dadd.o)(.text) for __aeabi_dadd
    E:\softs\Keil_v5\ARM\ARMCC\Bin\..\lib\armlib\m_ps.l(qnan.o)(.constdata) refers (Special) to E:\softs\Keil_v5\ARM\ARMCC\Bin\..\lib\armlib\mc_p.l(iusefp.o)(.text) for __I$use$fp
    E:\softs\Keil_v5\ARM\ARMCC\Bin\..\lib\armlib\mc_p.l(entry2.o)(.ARM.Collect$$$$00000001) refers to E:\softs\Keil_v5\ARM\ARMCC\Bin\..\lib\armlib\mc_p.l(entry2.o)(.ARM.Collect$$$$00002712) for __lit__00000000
    E:\softs\Keil_v5\ARM\ARMCC\Bin\..\lib\armlib\mc_p.l(entry2.o)(.ARM.Collect$$$$00002712) refers to .\_build\arm_startup_nrf51.o(STACK) for __initial_sp
    E:\softs\Keil_v5\ARM\ARMCC\Bin\..\lib\armlib\mc_p.l(entry2.o)(__vectab_stack_and_reset_area) refers to .\_build\arm_startup_nrf51.o(STACK) for __initial_sp
    E:\softs\Keil_v5\ARM\ARMCC\Bin\..\lib\armlib\mc_p.l(entry2.o)(__vectab_stack_and_reset_area) refers to E:\softs\Keil_v5\ARM\ARMCC\Bin\..\lib\armlib\mc_p.l(entry.o)(.ARM.Collect$$$$00000000) for __main
    E:\softs\Keil_v5\ARM\ARMCC\Bin\..\lib\armlib\mc_p.l(entry5.o)(.ARM.Collect$$$$00000004) refers to E:\softs\Keil_v5\ARM\ARMCC\Bin\..\lib\armlib\mc_p.l(init.o)(.text) for __scatterload
    E:\softs\Keil_v5\ARM\ARMCC\Bin\..\lib\armlib\mc_p.l(entry9a.o)(.ARM.Collect$$$$0000000B) refers to .\_build\main.o(i.main) for main
    E:\softs\Keil_v5\ARM\ARMCC\Bin\..\lib\armlib\mc_p.l(entry9b.o)(.ARM.Collect$$$$0000000C) refers to .\_build\main.o(i.main) for main
    E:\softs\Keil_v5\ARM\ARMCC\Bin\..\lib\armlib\mc_p.l(uldiv.o)(.text) refers to E:\softs\Keil_v5\ARM\ARMCC\Bin\..\lib\armlib\mc_p.l(llushr.o)(.text) for __aeabi_llsr
    E:\softs\Keil_v5\ARM\ARMCC\Bin\..\lib\armlib\mc_p.l(uldiv.o)(.text) refers to E:\softs\Keil_v5\ARM\ARMCC\Bin\..\lib\armlib\mc_p.l(llshl.o)(.text) for __aeabi_llsl
    E:\softs\Keil_v5\ARM\ARMCC\Bin\..\lib\armlib\mc_p.l(errno.o)(i.__aeabi_errno_addr) refers to E:\softs\Keil_v5\ARM\ARMCC\Bin\..\lib\armlib\mc_p.l(errno.o)(.data) for .data
    E:\softs\Keil_v5\ARM\ARMCC\Bin\..\lib\armlib\mc_p.l(errno.o)(i.__read_errno) refers to E:\softs\Keil_v5\ARM\ARMCC\Bin\..\lib\armlib\mc_p.l(errno.o)(.data) for .data
    E:\softs\Keil_v5\ARM\ARMCC\Bin\..\lib\armlib\mc_p.l(errno.o)(i.__set_errno) refers to E:\softs\Keil_v5\ARM\ARMCC\Bin\..\lib\armlib\mc_p.l(errno.o)(.data) for .data
    E:\softs\Keil_v5\ARM\ARMCC\Bin\..\lib\armlib\mf_p.l(depilogue.o)(.text) refers to E:\softs\Keil_v5\ARM\ARMCC\Bin\..\lib\armlib\mf_p.l(depilogue.o)(i.__ARM_clz) for __ARM_clz
    E:\softs\Keil_v5\ARM\ARMCC\Bin\..\lib\armlib\mf_p.l(depilogue.o)(.text) refers to E:\softs\Keil_v5\ARM\ARMCC\Bin\..\lib\armlib\mc_p.l(llshl.o)(.text) for __aeabi_llsl
    E:\softs\Keil_v5\ARM\ARMCC\Bin\..\lib\armlib\mf_p.l(depilogue.o)(.text) refers to E:\softs\Keil_v5\ARM\ARMCC\Bin\..\lib\armlib\mc_p.l(llushr.o)(.text) for __aeabi_llsr
    E:\softs\Keil_v5\ARM\ARMCC\Bin\..\lib\armlib\mf_p.l(ddiv.o)(.text) refers to E:\softs\Keil_v5\ARM\ARMCC\Bin\..\lib\armlib\mf_p.l(depilogue.o)(.text) for _double_round
    E:\softs\Keil_v5\ARM\ARMCC\Bin\..\lib\armlib\mf_p.l(dsqrt.o)(.text) refers to E:\softs\Keil_v5\ARM\ARMCC\Bin\..\lib\armlib\mc_p.l(llushr.o)(.text) for __aeabi_llsr
    E:\softs\Keil_v5\ARM\ARMCC\Bin\..\lib\armlib\mf_p.l(dsqrt.o)(.text) refers to E:\softs\Keil_v5\ARM\ARMCC\Bin\..\lib\armlib\mf_p.l(depilogue.o)(.text) for _double_round
    E:\softs\Keil_v5\ARM\ARMCC\Bin\..\lib\armlib\mf_p.l(dfixul.o)(.text) refers to E:\softs\Keil_v5\ARM\ARMCC\Bin\..\lib\armlib\mc_p.l(llushr.o)(.text) for __aeabi_llsr
    E:\softs\Keil_v5\ARM\ARMCC\Bin\..\lib\armlib\mf_p.l(dfixul.o)(.text) refers to E:\softs\Keil_v5\ARM\ARMCC\Bin\..\lib\armlib\mc_p.l(llshl.o)(.text) for __aeabi_llsl
    E:\softs\Keil_v5\ARM\ARMCC\Bin\..\lib\armlib\mc_p.l(init.o)(.text) refers to E:\softs\Keil_v5\ARM\ARMCC\Bin\..\lib\armlib\mc_p.l(entry5.o)(.ARM.Collect$$$$00000004) for __main_after_scatterload

